=== bluegreen_level2_off_vus10_run1 ===
rollout.argoproj.io "exp-bluegreen" deleted from demo namespace
service "exp-bg-active" deleted from demo namespace
service "exp-bg-preview" deleted from demo namespace
rollout.argoproj.io/exp-bluegreen created
service/exp-bg-active created
service/exp-bg-preview created
Progressing - updated replicas are still becoming available
Healthy
rollout.argoproj.io/exp-bluegreen configured
service/exp-bg-active unchanged
service/exp-bg-preview unchanged
Starting trial: bluegreen_level2_off_vus10_run1
Progressing - active service cutover pending
Healthy
Trial finished: healthy in 76s
pod "k6-bluegreen-level2-off-vus10-run1" deleted from demo namespace
=== bluegreen_level2_off_vus10_run2 ===
rollout.argoproj.io "exp-bluegreen" deleted from demo namespace
service "exp-bg-active" deleted from demo namespace
service "exp-bg-preview" deleted from demo namespace
rollout.argoproj.io/exp-bluegreen created
service/exp-bg-active created
service/exp-bg-preview created
Progressing - updated replicas are still becoming available
Healthy
rollout.argoproj.io/exp-bluegreen configured
service/exp-bg-active unchanged
service/exp-bg-preview unchanged
Starting trial: bluegreen_level2_off_vus10_run2
Progressing - active service cutover pending
Healthy
Trial finished: healthy in 76s
pod "k6-bluegreen-level2-off-vus10-run2" deleted from demo namespace
=== bluegreen_level2_off_vus10_run3 ===
rollout.argoproj.io "exp-bluegreen" deleted from demo namespace
service "exp-bg-active" deleted from demo namespace
service "exp-bg-preview" deleted from demo namespace
rollout.argoproj.io/exp-bluegreen created
service/exp-bg-active created
service/exp-bg-preview created
Progressing - updated replicas are still becoming available
Healthy
rollout.argoproj.io/exp-bluegreen configured
service/exp-bg-active unchanged
service/exp-bg-preview unchanged
Starting trial: bluegreen_level2_off_vus10_run3
Progressing - active service cutover pending
Healthy
Trial finished: healthy in 76s
pod "k6-bluegreen-level2-off-vus10-run3" deleted from demo namespace
=== bluegreen_level2_off_vus10_run4 ===
rollout.argoproj.io "exp-bluegreen" deleted from demo namespace
service "exp-bg-active" deleted from demo namespace
service "exp-bg-preview" deleted from demo namespace
rollout.argoproj.io/exp-bluegreen created
service/exp-bg-active created
service/exp-bg-preview created
Progressing - updated replicas are still becoming available
Healthy
rollout.argoproj.io/exp-bluegreen configured
service/exp-bg-active unchanged
service/exp-bg-preview unchanged
Starting trial: bluegreen_level2_off_vus10_run4
Progressing - active service cutover pending
Healthy
Trial finished: healthy in 80s
pod "k6-bluegreen-level2-off-vus10-run4" deleted from demo namespace
=== bluegreen_level2_off_vus10_run5 ===
rollout.argoproj.io "exp-bluegreen" deleted from demo namespace
service "exp-bg-active" deleted from demo namespace
service "exp-bg-preview" deleted from demo namespace
rollout.argoproj.io/exp-bluegreen created
service/exp-bg-active created
service/exp-bg-preview created
Progressing - updated replicas are still becoming available
Healthy
rollout.argoproj.io/exp-bluegreen configured
service/exp-bg-active unchanged
service/exp-bg-preview unchanged
Starting trial: bluegreen_level2_off_vus10_run5
Progressing - active service cutover pending
Healthy
Trial finished: healthy in 76s
pod "k6-bluegreen-level2-off-vus10-run5" deleted from demo namespace
=== bluegreen_level2_off_vus10_run6 ===
rollout.argoproj.io "exp-bluegreen" deleted from demo namespace
service "exp-bg-active" deleted from demo namespace
service "exp-bg-preview" deleted from demo namespace
rollout.argoproj.io/exp-bluegreen created
service/exp-bg-active created
service/exp-bg-preview created
Progressing - updated replicas are still becoming available
Healthy
rollout.argoproj.io/exp-bluegreen configured
service/exp-bg-active unchanged
service/exp-bg-preview unchanged
Starting trial: bluegreen_level2_off_vus10_run6
Progressing - active service cutover pending
Healthy
Trial finished: healthy in 81s
pod "k6-bluegreen-level2-off-vus10-run6" deleted from demo namespace
=== bluegreen_level2_off_vus10_run7 ===
rollout.argoproj.io "exp-bluegreen" deleted from demo namespace
service "exp-bg-active" deleted from demo namespace
service "exp-bg-preview" deleted from demo namespace
rollout.argoproj.io/exp-bluegreen created
service/exp-bg-active created
service/exp-bg-preview created
Progressing - updated replicas are still becoming available
Healthy
rollout.argoproj.io/exp-bluegreen configured
service/exp-bg-active unchanged
service/exp-bg-preview unchanged
Starting trial: bluegreen_level2_off_vus10_run7
Progressing - active service cutover pending
Healthy
Trial finished: healthy in 75s
pod "k6-bluegreen-level2-off-vus10-run7" deleted from demo namespace
=== bluegreen_level2_off_vus10_run8 ===
rollout.argoproj.io "exp-bluegreen" deleted from demo namespace
service "exp-bg-active" deleted from demo namespace
service "exp-bg-preview" deleted from demo namespace
rollout.argoproj.io/exp-bluegreen created
service/exp-bg-active created
service/exp-bg-preview created
Progressing - updated replicas are still becoming available
Healthy
rollout.argoproj.io/exp-bluegreen configured
service/exp-bg-active unchanged
service/exp-bg-preview unchanged
Starting trial: bluegreen_level2_off_vus10_run8
Progressing - active service cutover pending
Healthy
Trial finished: healthy in 80s
pod "k6-bluegreen-level2-off-vus10-run8" deleted from demo namespace
=== bluegreen_level2_off_vus10_run9 ===
rollout.argoproj.io "exp-bluegreen" deleted from demo namespace
service "exp-bg-active" deleted from demo namespace
service "exp-bg-preview" deleted from demo namespace
rollout.argoproj.io/exp-bluegreen created
service/exp-bg-active created
service/exp-bg-preview created
Progressing - updated replicas are still becoming available
Healthy
rollout.argoproj.io/exp-bluegreen configured
service/exp-bg-active unchanged
service/exp-bg-preview unchanged
Starting trial: bluegreen_level2_off_vus10_run9
Progressing - active service cutover pending
Healthy
Trial finished: healthy in 76s
pod "k6-bluegreen-level2-off-vus10-run9" deleted from demo namespace
=== bluegreen_level2_off_vus10_run10 ===
rollout.argoproj.io "exp-bluegreen" deleted from demo namespace
service "exp-bg-active" deleted from demo namespace
service "exp-bg-preview" deleted from demo namespace
rollout.argoproj.io/exp-bluegreen created
service/exp-bg-active created
service/exp-bg-preview created
Progressing - updated replicas are still becoming available
Healthy
rollout.argoproj.io/exp-bluegreen configured
service/exp-bg-active unchanged
service/exp-bg-preview unchanged
Starting trial: bluegreen_level2_off_vus10_run10
Progressing - active service cutover pending
Healthy
Trial finished: healthy in 76s
pod "k6-bluegreen-level2-off-vus10-run10" deleted from demo namespace
=== bluegreen_level2_off_vus10_run11 ===
rollout.argoproj.io "exp-bluegreen" deleted from demo namespace
service "exp-bg-active" deleted from demo namespace
service "exp-bg-preview" deleted from demo namespace
rollout.argoproj.io/exp-bluegreen created
service/exp-bg-active created
service/exp-bg-preview created
Progressing - updated replicas are still becoming available
Healthy
rollout.argoproj.io/exp-bluegreen configured
service/exp-bg-active unchanged
service/exp-bg-preview unchanged
Starting trial: bluegreen_level2_off_vus10_run11
Progressing - active service cutover pending
Healthy
Trial finished: healthy in 80s
pod "k6-bluegreen-level2-off-vus10-run11" deleted from demo namespace
=== bluegreen_level2_off_vus10_run12 ===
rollout.argoproj.io "exp-bluegreen" deleted from demo namespace
service "exp-bg-active" deleted from demo namespace
service "exp-bg-preview" deleted from demo namespace
rollout.argoproj.io/exp-bluegreen created
service/exp-bg-active created
service/exp-bg-preview created
Progressing - updated replicas are still becoming available
Healthy
rollout.argoproj.io/exp-bluegreen configured
service/exp-bg-active unchanged
service/exp-bg-preview unchanged
Starting trial: bluegreen_level2_off_vus10_run12
Progressing - active service cutover pending
Healthy
Trial finished: healthy in 75s
pod "k6-bluegreen-level2-off-vus10-run12" deleted from demo namespace
=== bluegreen_level2_off_vus10_run13 ===
rollout.argoproj.io "exp-bluegreen" deleted from demo namespace
service "exp-bg-active" deleted from demo namespace
service "exp-bg-preview" deleted from demo namespace
rollout.argoproj.io/exp-bluegreen created
service/exp-bg-active created
service/exp-bg-preview created
Progressing - updated replicas are still becoming available
Healthy
rollout.argoproj.io/exp-bluegreen configured
service/exp-bg-active unchanged
service/exp-bg-preview unchanged
Starting trial: bluegreen_level2_off_vus10_run13
Progressing - active service cutover pending
Healthy
Trial finished: healthy in 81s
pod "k6-bluegreen-level2-off-vus10-run13" deleted from demo namespace
=== bluegreen_level2_off_vus10_run14 ===
rollout.argoproj.io "exp-bluegreen" deleted from demo namespace
service "exp-bg-active" deleted from demo namespace
service "exp-bg-preview" deleted from demo namespace
rollout.argoproj.io/exp-bluegreen created
service/exp-bg-active created
service/exp-bg-preview created
Progressing - updated replicas are still becoming available
Healthy
rollout.argoproj.io/exp-bluegreen configured
service/exp-bg-active unchanged
service/exp-bg-preview unchanged
Starting trial: bluegreen_level2_off_vus10_run14
Progressing - active service cutover pending
Healthy
Trial finished: healthy in 76s
pod "k6-bluegreen-level2-off-vus10-run14" deleted from demo namespace
=== bluegreen_level2_off_vus10_run15 ===
rollout.argoproj.io "exp-bluegreen" deleted from demo namespace
service "exp-bg-active" deleted from demo namespace
service "exp-bg-preview" deleted from demo namespace
rollout.argoproj.io/exp-bluegreen created
service/exp-bg-active created
service/exp-bg-preview created
Progressing - updated replicas are still becoming available
Healthy
rollout.argoproj.io/exp-bluegreen configured
service/exp-bg-active unchanged
service/exp-bg-preview unchanged
Starting trial: bluegreen_level2_off_vus10_run15
Progressing - active service cutover pending
Healthy
Trial finished: healthy in 75s
pod "k6-bluegreen-level2-off-vus10-run15" deleted from demo namespace
=== bluegreen_level2_off_vus10_run16 ===
rollout.argoproj.io "exp-bluegreen" deleted from demo namespace
service "exp-bg-active" deleted from demo namespace
service "exp-bg-preview" deleted from demo namespace
rollout.argoproj.io/exp-bluegreen created
service/exp-bg-active created
service/exp-bg-preview created
Progressing - updated replicas are still becoming available
Healthy
rollout.argoproj.io/exp-bluegreen configured
service/exp-bg-active unchanged
service/exp-bg-preview unchanged
Starting trial: bluegreen_level2_off_vus10_run16
Progressing - active service cutover pending
Healthy
Trial finished: healthy in 76s
pod "k6-bluegreen-level2-off-vus10-run16" deleted from demo namespace
=== bluegreen_level2_off_vus10_run17 ===
rollout.argoproj.io "exp-bluegreen" deleted from demo namespace
service "exp-bg-active" deleted from demo namespace
service "exp-bg-preview" deleted from demo namespace
rollout.argoproj.io/exp-bluegreen created
service/exp-bg-active created
service/exp-bg-preview created
Progressing - updated replicas are still becoming available
Healthy
rollout.argoproj.io/exp-bluegreen configured
service/exp-bg-active unchanged
service/exp-bg-preview unchanged
Starting trial: bluegreen_level2_off_vus10_run17
Progressing - active service cutover pending
Healthy
Trial finished: healthy in 81s
pod "k6-bluegreen-level2-off-vus10-run17" deleted from demo namespace
=== bluegreen_level2_off_vus10_run18 ===
rollout.argoproj.io "exp-bluegreen" deleted from demo namespace
service "exp-bg-active" deleted from demo namespace
service "exp-bg-preview" deleted from demo namespace
rollout.argoproj.io/exp-bluegreen created
service/exp-bg-active created
service/exp-bg-preview created
Progressing - updated replicas are still becoming available
Healthy
rollout.argoproj.io/exp-bluegreen configured
service/exp-bg-active unchanged
service/exp-bg-preview unchanged
Starting trial: bluegreen_level2_off_vus10_run18
Progressing - active service cutover pending
Healthy
Trial finished: healthy in 81s
pod "k6-bluegreen-level2-off-vus10-run18" deleted from demo namespace
=== bluegreen_level2_off_vus10_run19 ===
rollout.argoproj.io "exp-bluegreen" deleted from demo namespace
service "exp-bg-active" deleted from demo namespace
service "exp-bg-preview" deleted from demo namespace
rollout.argoproj.io/exp-bluegreen created
service/exp-bg-active created
service/exp-bg-preview created
Progressing - updated replicas are still becoming available
Healthy
rollout.argoproj.io/exp-bluegreen configured
service/exp-bg-active unchanged
service/exp-bg-preview unchanged
Starting trial: bluegreen_level2_off_vus10_run19
Progressing - active service cutover pending
Healthy
Trial finished: healthy in 80s
pod "k6-bluegreen-level2-off-vus10-run19" deleted from demo namespace
=== bluegreen_level2_off_vus10_run20 ===
rollout.argoproj.io "exp-bluegreen" deleted from demo namespace
service "exp-bg-active" deleted from demo namespace
service "exp-bg-preview" deleted from demo namespace
rollout.argoproj.io/exp-bluegreen created
service/exp-bg-active created
service/exp-bg-preview created
Progressing - updated replicas are still becoming available
Healthy
rollout.argoproj.io/exp-bluegreen configured
service/exp-bg-active unchanged
service/exp-bg-preview unchanged
Starting trial: bluegreen_level2_off_vus10_run20
Progressing - active service cutover pending
Healthy
Trial finished: healthy in 76s
pod "k6-bluegreen-level2-off-vus10-run20" deleted from demo namespace
=== bluegreen_level2_errors_vus10_run1 ===
rollout.argoproj.io "exp-bluegreen" deleted from demo namespace
service "exp-bg-active" deleted from demo namespace
service "exp-bg-preview" deleted from demo namespace
rollout.argoproj.io/exp-bluegreen created
service/exp-bg-active created
service/exp-bg-preview created
Progressing - updated replicas are still becoming available
Healthy
rollout.argoproj.io/exp-bluegreen configured
service/exp-bg-active unchanged
service/exp-bg-preview unchanged
Starting trial: bluegreen_level2_errors_vus10_run1
Progressing - active service cutover pending
Degraded - RolloutAborted: Rollout aborted update to revision 2: Blue/green pre-promotion analysis phase error/failed: Metric "error-rate" assessed Failed due to failed (1) > failureLimit (0)
Error: The rollout is in a degraded state with message: RolloutAborted: Rollout aborted update to revision 2: Blue/green pre-promotion analysis phase error/failed: Metric "error-rate" assessed Failed due to failed (1) > failureLimit (0)
Trial finished: failed_or_timeout in 46s
pod "k6-bluegreen-level2-errors-vus10-run1" deleted from demo namespace
=== bluegreen_level2_errors_vus10_run2 ===
rollout.argoproj.io "exp-bluegreen" deleted from demo namespace
service "exp-bg-active" deleted from demo namespace
service "exp-bg-preview" deleted from demo namespace
rollout.argoproj.io/exp-bluegreen created
service/exp-bg-active created
service/exp-bg-preview created
Progressing - updated replicas are still becoming available
Healthy
rollout.argoproj.io/exp-bluegreen configured
service/exp-bg-active unchanged
service/exp-bg-preview unchanged
Starting trial: bluegreen_level2_errors_vus10_run2
Progressing - active service cutover pending
Degraded - RolloutAborted: Rollout aborted update to revision 2: Blue/green pre-promotion analysis phase error/failed: Metric "error-rate" assessed Failed due to failed (1) > failureLimit (0)
Error: The rollout is in a degraded state with message: RolloutAborted: Rollout aborted update to revision 2: Blue/green pre-promotion analysis phase error/failed: Metric "error-rate" assessed Failed due to failed (1) > failureLimit (0)
Trial finished: failed_or_timeout in 46s
pod "k6-bluegreen-level2-errors-vus10-run2" deleted from demo namespace
=== bluegreen_level2_errors_vus10_run3 ===
rollout.argoproj.io "exp-bluegreen" deleted from demo namespace
service "exp-bg-active" deleted from demo namespace
service "exp-bg-preview" deleted from demo namespace
rollout.argoproj.io/exp-bluegreen created
service/exp-bg-active created
service/exp-bg-preview created
Progressing - updated replicas are still becoming available
Healthy
rollout.argoproj.io/exp-bluegreen configured
service/exp-bg-active unchanged
service/exp-bg-preview unchanged
Starting trial: bluegreen_level2_errors_vus10_run3
Progressing - active service cutover pending
Degraded - RolloutAborted: Rollout aborted update to revision 2: Blue/green pre-promotion analysis phase error/failed: Metric "error-rate" assessed Failed due to failed (1) > failureLimit (0)
Error: The rollout is in a degraded state with message: RolloutAborted: Rollout aborted update to revision 2: Blue/green pre-promotion analysis phase error/failed: Metric "error-rate" assessed Failed due to failed (1) > failureLimit (0)
Trial finished: failed_or_timeout in 50s
pod "k6-bluegreen-level2-errors-vus10-run3" deleted from demo namespace
=== bluegreen_level2_errors_vus10_run4 ===
rollout.argoproj.io "exp-bluegreen" deleted from demo namespace
service "exp-bg-active" deleted from demo namespace
service "exp-bg-preview" deleted from demo namespace
rollout.argoproj.io/exp-bluegreen created
service/exp-bg-active created
service/exp-bg-preview created
Progressing - updated replicas are still becoming available
Healthy
rollout.argoproj.io/exp-bluegreen configured
service/exp-bg-active unchanged
service/exp-bg-preview unchanged
Starting trial: bluegreen_level2_errors_vus10_run4
Progressing - active service cutover pending
Degraded - RolloutAborted: Rollout aborted update to revision 2: Blue/green pre-promotion analysis phase error/failed: Metric "error-rate" assessed Failed due to failed (1) > failureLimit (0)
Error: The rollout is in a degraded state with message: RolloutAborted: Rollout aborted update to revision 2: Blue/green pre-promotion analysis phase error/failed: Metric "error-rate" assessed Failed due to failed (1) > failureLimit (0)
Trial finished: failed_or_timeout in 50s
pod "k6-bluegreen-level2-errors-vus10-run4" deleted from demo namespace
=== bluegreen_level2_errors_vus10_run5 ===
rollout.argoproj.io "exp-bluegreen" deleted from demo namespace
service "exp-bg-active" deleted from demo namespace
service "exp-bg-preview" deleted from demo namespace
rollout.argoproj.io/exp-bluegreen created
service/exp-bg-active created
service/exp-bg-preview created
Progressing - updated replicas are still becoming available
Healthy
rollout.argoproj.io/exp-bluegreen configured
service/exp-bg-active unchanged
service/exp-bg-preview unchanged
Starting trial: bluegreen_level2_errors_vus10_run5
Progressing - active service cutover pending
Degraded - RolloutAborted: Rollout aborted update to revision 2: Blue/green pre-promotion analysis phase error/failed: Metric "error-rate" assessed Failed due to failed (1) > failureLimit (0)
Error: The rollout is in a degraded state with message: RolloutAborted: Rollout aborted update to revision 2: Blue/green pre-promotion analysis phase error/failed: Metric "error-rate" assessed Failed due to failed (1) > failureLimit (0)
Trial finished: failed_or_timeout in 46s
pod "k6-bluegreen-level2-errors-vus10-run5" deleted from demo namespace
=== bluegreen_level2_errors_vus10_run6 ===
rollout.argoproj.io "exp-bluegreen" deleted from demo namespace
service "exp-bg-active" deleted from demo namespace
service "exp-bg-preview" deleted from demo namespace
rollout.argoproj.io/exp-bluegreen created
service/exp-bg-active created
service/exp-bg-preview created
Progressing - updated replicas are still becoming available
Healthy
rollout.argoproj.io/exp-bluegreen configured
service/exp-bg-active unchanged
service/exp-bg-preview unchanged
Starting trial: bluegreen_level2_errors_vus10_run6
Progressing - active service cutover pending
Degraded - RolloutAborted: Rollout aborted update to revision 2: Blue/green pre-promotion analysis phase error/failed: Metric "error-rate" assessed Failed due to failed (1) > failureLimit (0)
Error: The rollout is in a degraded state with message: RolloutAborted: Rollout aborted update to revision 2: Blue/green pre-promotion analysis phase error/failed: Metric "error-rate" assessed Failed due to failed (1) > failureLimit (0)
Trial finished: failed_or_timeout in 51s
pod "k6-bluegreen-level2-errors-vus10-run6" deleted from demo namespace
=== bluegreen_level2_errors_vus10_run7 ===
rollout.argoproj.io "exp-bluegreen" deleted from demo namespace
service "exp-bg-active" deleted from demo namespace
service "exp-bg-preview" deleted from demo namespace
rollout.argoproj.io/exp-bluegreen created
service/exp-bg-active created
service/exp-bg-preview created
Progressing - updated replicas are still becoming available
Healthy
rollout.argoproj.io/exp-bluegreen configured
service/exp-bg-active unchanged
service/exp-bg-preview unchanged
Starting trial: bluegreen_level2_errors_vus10_run7
Progressing - active service cutover pending
Degraded - RolloutAborted: Rollout aborted update to revision 2: Blue/green pre-promotion analysis phase error/failed: Metric "error-rate" assessed Failed due to failed (1) > failureLimit (0)
Error: The rollout is in a degraded state with message: RolloutAborted: Rollout aborted update to revision 2: Blue/green pre-promotion analysis phase error/failed: Metric "error-rate" assessed Failed due to failed (1) > failureLimit (0)
Trial finished: failed_or_timeout in 46s
pod "k6-bluegreen-level2-errors-vus10-run7" deleted from demo namespace
=== bluegreen_level2_errors_vus10_run8 ===
rollout.argoproj.io "exp-bluegreen" deleted from demo namespace
service "exp-bg-active" deleted from demo namespace
service "exp-bg-preview" deleted from demo namespace
rollout.argoproj.io/exp-bluegreen created
service/exp-bg-active created
service/exp-bg-preview created
Progressing - updated replicas are still becoming available
Healthy
rollout.argoproj.io/exp-bluegreen configured
service/exp-bg-active unchanged
service/exp-bg-preview unchanged
Starting trial: bluegreen_level2_errors_vus10_run8
Progressing - active service cutover pending
Degraded - RolloutAborted: Rollout aborted update to revision 2: Blue/green pre-promotion analysis phase error/failed: Metric "error-rate" assessed Failed due to failed (1) > failureLimit (0)
Error: The rollout is in a degraded state with message: RolloutAborted: Rollout aborted update to revision 2: Blue/green pre-promotion analysis phase error/failed: Metric "error-rate" assessed Failed due to failed (1) > failureLimit (0)
Trial finished: failed_or_timeout in 50s
pod "k6-bluegreen-level2-errors-vus10-run8" deleted from demo namespace
=== bluegreen_level2_errors_vus10_run9 ===
rollout.argoproj.io "exp-bluegreen" deleted from demo namespace
service "exp-bg-active" deleted from demo namespace
service "exp-bg-preview" deleted from demo namespace
rollout.argoproj.io/exp-bluegreen created
service/exp-bg-active created
service/exp-bg-preview created
Progressing - updated replicas are still becoming available
Healthy
rollout.argoproj.io/exp-bluegreen configured
service/exp-bg-active unchanged
service/exp-bg-preview unchanged
Starting trial: bluegreen_level2_errors_vus10_run9
Progressing - active service cutover pending
Degraded - RolloutAborted: Rollout aborted update to revision 2: Blue/green pre-promotion analysis phase error/failed: Metric "error-rate" assessed Failed due to failed (1) > failureLimit (0)
Error: The rollout is in a degraded state with message: RolloutAborted: Rollout aborted update to revision 2: Blue/green pre-promotion analysis phase error/failed: Metric "error-rate" assessed Failed due to failed (1) > failureLimit (0)
Trial finished: failed_or_timeout in 45s
pod "k6-bluegreen-level2-errors-vus10-run9" deleted from demo namespace
=== bluegreen_level2_errors_vus10_run10 ===
rollout.argoproj.io "exp-bluegreen" deleted from demo namespace
service "exp-bg-active" deleted from demo namespace
service "exp-bg-preview" deleted from demo namespace
rollout.argoproj.io/exp-bluegreen created
service/exp-bg-active created
service/exp-bg-preview created
Progressing - updated replicas are still becoming available
Healthy
rollout.argoproj.io/exp-bluegreen configured
service/exp-bg-active unchanged
service/exp-bg-preview unchanged
Starting trial: bluegreen_level2_errors_vus10_run10
Progressing - active service cutover pending
Degraded - RolloutAborted: Rollout aborted update to revision 2: Blue/green pre-promotion analysis phase error/failed: Metric "error-rate" assessed Failed due to failed (1) > failureLimit (0)
Error: The rollout is in a degraded state with message: RolloutAborted: Rollout aborted update to revision 2: Blue/green pre-promotion analysis phase error/failed: Metric "error-rate" assessed Failed due to failed (1) > failureLimit (0)
Trial finished: failed_or_timeout in 46s
pod "k6-bluegreen-level2-errors-vus10-run10" deleted from demo namespace
=== bluegreen_level2_errors_vus10_run11 ===
rollout.argoproj.io "exp-bluegreen" deleted from demo namespace
service "exp-bg-active" deleted from demo namespace
service "exp-bg-preview" deleted from demo namespace
rollout.argoproj.io/exp-bluegreen created
service/exp-bg-active created
service/exp-bg-preview created
Progressing - updated replicas are still becoming available
Healthy
rollout.argoproj.io/exp-bluegreen configured
service/exp-bg-active unchanged
service/exp-bg-preview unchanged
Starting trial: bluegreen_level2_errors_vus10_run11
Progressing - active service cutover pending
Degraded - RolloutAborted: Rollout aborted update to revision 2: Blue/green pre-promotion analysis phase error/failed: Metric "error-rate" assessed Failed due to failed (1) > failureLimit (0)
Error: The rollout is in a degraded state with message: RolloutAborted: Rollout aborted update to revision 2: Blue/green pre-promotion analysis phase error/failed: Metric "error-rate" assessed Failed due to failed (1) > failureLimit (0)
Trial finished: failed_or_timeout in 46s
pod "k6-bluegreen-level2-errors-vus10-run11" deleted from demo namespace
=== bluegreen_level2_errors_vus10_run12 ===
rollout.argoproj.io "exp-bluegreen" deleted from demo namespace
service "exp-bg-active" deleted from demo namespace
service "exp-bg-preview" deleted from demo namespace
rollout.argoproj.io/exp-bluegreen created
service/exp-bg-active created
service/exp-bg-preview created
Progressing - updated replicas are still becoming available
Healthy
rollout.argoproj.io/exp-bluegreen configured
service/exp-bg-active unchanged
service/exp-bg-preview unchanged
Starting trial: bluegreen_level2_errors_vus10_run12
Progressing - active service cutover pending
Degraded - RolloutAborted: Rollout aborted update to revision 2: Blue/green pre-promotion analysis phase error/failed: Metric "error-rate" assessed Failed due to failed (1) > failureLimit (0)
Error: The rollout is in a degraded state with message: RolloutAborted: Rollout aborted update to revision 2: Blue/green pre-promotion analysis phase error/failed: Metric "error-rate" assessed Failed due to failed (1) > failureLimit (0)
Trial finished: failed_or_timeout in 46s
pod "k6-bluegreen-level2-errors-vus10-run12" deleted from demo namespace
=== bluegreen_level2_errors_vus10_run13 ===
rollout.argoproj.io "exp-bluegreen" deleted from demo namespace
service "exp-bg-active" deleted from demo namespace
service "exp-bg-preview" deleted from demo namespace
rollout.argoproj.io/exp-bluegreen created
service/exp-bg-active created
service/exp-bg-preview created
Progressing - updated replicas are still becoming available
Healthy
rollout.argoproj.io/exp-bluegreen configured
service/exp-bg-active unchanged
service/exp-bg-preview unchanged
Starting trial: bluegreen_level2_errors_vus10_run13
Progressing - active service cutover pending
Degraded - RolloutAborted: Rollout aborted update to revision 2: Blue/green pre-promotion analysis phase error/failed: Metric "error-rate" assessed Failed due to failed (1) > failureLimit (0)
Error: The rollout is in a degraded state with message: RolloutAborted: Rollout aborted update to revision 2: Blue/green pre-promotion analysis phase error/failed: Metric "error-rate" assessed Failed due to failed (1) > failureLimit (0)
Trial finished: failed_or_timeout in 46s
pod "k6-bluegreen-level2-errors-vus10-run13" deleted from demo namespace
=== bluegreen_level2_errors_vus10_run14 ===
rollout.argoproj.io "exp-bluegreen" deleted from demo namespace
service "exp-bg-active" deleted from demo namespace
service "exp-bg-preview" deleted from demo namespace
rollout.argoproj.io/exp-bluegreen created
service/exp-bg-active created
service/exp-bg-preview created
Progressing - updated replicas are still becoming available
Healthy
rollout.argoproj.io/exp-bluegreen configured
service/exp-bg-active unchanged
service/exp-bg-preview unchanged
Starting trial: bluegreen_level2_errors_vus10_run14
Progressing - active service cutover pending
Degraded - RolloutAborted: Rollout aborted update to revision 2: Blue/green pre-promotion analysis phase error/failed: Metric "error-rate" assessed Failed due to failed (1) > failureLimit (0)
Error: The rollout is in a degraded state with message: RolloutAborted: Rollout aborted update to revision 2: Blue/green pre-promotion analysis phase error/failed: Metric "error-rate" assessed Failed due to failed (1) > failureLimit (0)
Trial finished: failed_or_timeout in 45s
pod "k6-bluegreen-level2-errors-vus10-run14" deleted from demo namespace
=== bluegreen_level2_errors_vus10_run15 ===
rollout.argoproj.io "exp-bluegreen" deleted from demo namespace
service "exp-bg-active" deleted from demo namespace
service "exp-bg-preview" deleted from demo namespace
rollout.argoproj.io/exp-bluegreen created
service/exp-bg-active created
service/exp-bg-preview created
Progressing - updated replicas are still becoming available
Healthy
rollout.argoproj.io/exp-bluegreen configured
service/exp-bg-active unchanged
service/exp-bg-preview unchanged
Starting trial: bluegreen_level2_errors_vus10_run15
Progressing - active service cutover pending
Degraded - RolloutAborted: Rollout aborted update to revision 2: Blue/green pre-promotion analysis phase error/failed: Metric "error-rate" assessed Failed due to failed (1) > failureLimit (0)
Error: The rollout is in a degraded state with message: RolloutAborted: Rollout aborted update to revision 2: Blue/green pre-promotion analysis phase error/failed: Metric "error-rate" assessed Failed due to failed (1) > failureLimit (0)
Trial finished: failed_or_timeout in 45s
pod "k6-bluegreen-level2-errors-vus10-run15" deleted from demo namespace
=== bluegreen_level2_errors_vus10_run16 ===
rollout.argoproj.io "exp-bluegreen" deleted from demo namespace
service "exp-bg-active" deleted from demo namespace
service "exp-bg-preview" deleted from demo namespace
rollout.argoproj.io/exp-bluegreen created
service/exp-bg-active created
service/exp-bg-preview created
Progressing - updated replicas are still becoming available
Healthy
rollout.argoproj.io/exp-bluegreen configured
service/exp-bg-active unchanged
service/exp-bg-preview unchanged
Starting trial: bluegreen_level2_errors_vus10_run16
Progressing - active service cutover pending
Degraded - RolloutAborted: Rollout aborted update to revision 2: Blue/green pre-promotion analysis phase error/failed: Metric "error-rate" assessed Failed due to failed (1) > failureLimit (0)
Error: The rollout is in a degraded state with message: RolloutAborted: Rollout aborted update to revision 2: Blue/green pre-promotion analysis phase error/failed: Metric "error-rate" assessed Failed due to failed (1) > failureLimit (0)
Trial finished: failed_or_timeout in 46s
pod "k6-bluegreen-level2-errors-vus10-run16" deleted from demo namespace
=== bluegreen_level2_errors_vus10_run17 ===
rollout.argoproj.io "exp-bluegreen" deleted from demo namespace
service "exp-bg-active" deleted from demo namespace
service "exp-bg-preview" deleted from demo namespace
rollout.argoproj.io/exp-bluegreen created
service/exp-bg-active created
service/exp-bg-preview created
Progressing - updated replicas are still becoming available
Healthy
rollout.argoproj.io/exp-bluegreen configured
service/exp-bg-active unchanged
service/exp-bg-preview unchanged
Starting trial: bluegreen_level2_errors_vus10_run17
Progressing - active service cutover pending
Degraded - RolloutAborted: Rollout aborted update to revision 2: Blue/green pre-promotion analysis phase error/failed: Metric "error-rate" assessed Failed due to failed (1) > failureLimit (0)
Error: The rollout is in a degraded state with message: RolloutAborted: Rollout aborted update to revision 2: Blue/green pre-promotion analysis phase error/failed: Metric "error-rate" assessed Failed due to failed (1) > failureLimit (0)
Trial finished: failed_or_timeout in 46s
pod "k6-bluegreen-level2-errors-vus10-run17" deleted from demo namespace
=== bluegreen_level2_errors_vus10_run18 ===
rollout.argoproj.io "exp-bluegreen" deleted from demo namespace
service "exp-bg-active" deleted from demo namespace
service "exp-bg-preview" deleted from demo namespace
rollout.argoproj.io/exp-bluegreen created
service/exp-bg-active created
service/exp-bg-preview created
Progressing - updated replicas are still becoming available
Healthy
rollout.argoproj.io/exp-bluegreen configured
service/exp-bg-active unchanged
service/exp-bg-preview unchanged
Starting trial: bluegreen_level2_errors_vus10_run18
Progressing - active service cutover pending
Degraded - RolloutAborted: Rollout aborted update to revision 2: Blue/green pre-promotion analysis phase error/failed: Metric "error-rate" assessed Failed due to failed (1) > failureLimit (0)
Error: The rollout is in a degraded state with message: RolloutAborted: Rollout aborted update to revision 2: Blue/green pre-promotion analysis phase error/failed: Metric "error-rate" assessed Failed due to failed (1) > failureLimit (0)
Trial finished: failed_or_timeout in 46s
pod "k6-bluegreen-level2-errors-vus10-run18" deleted from demo namespace
=== bluegreen_level2_errors_vus10_run19 ===
rollout.argoproj.io "exp-bluegreen" deleted from demo namespace
service "exp-bg-active" deleted from demo namespace
service "exp-bg-preview" deleted from demo namespace
rollout.argoproj.io/exp-bluegreen created
service/exp-bg-active created
service/exp-bg-preview created
Progressing - updated replicas are still becoming available
Healthy
rollout.argoproj.io/exp-bluegreen configured
service/exp-bg-active unchanged
service/exp-bg-preview unchanged
Starting trial: bluegreen_level2_errors_vus10_run19
Progressing - active service cutover pending
Degraded - RolloutAborted: Rollout aborted update to revision 2: Blue/green pre-promotion analysis phase error/failed: Metric "error-rate" assessed Failed due to failed (1) > failureLimit (0)
Error: The rollout is in a degraded state with message: RolloutAborted: Rollout aborted update to revision 2: Blue/green pre-promotion analysis phase error/failed: Metric "error-rate" assessed Failed due to failed (1) > failureLimit (0)
Trial finished: failed_or_timeout in 45s
pod "k6-bluegreen-level2-errors-vus10-run19" deleted from demo namespace
=== bluegreen_level2_errors_vus10_run20 ===
rollout.argoproj.io "exp-bluegreen" deleted from demo namespace
service "exp-bg-active" deleted from demo namespace
service "exp-bg-preview" deleted from demo namespace
rollout.argoproj.io/exp-bluegreen created
service/exp-bg-active created
service/exp-bg-preview created
Progressing - updated replicas are still becoming available
Healthy
rollout.argoproj.io/exp-bluegreen configured
service/exp-bg-active unchanged
service/exp-bg-preview unchanged
Starting trial: bluegreen_level2_errors_vus10_run20
Progressing - active service cutover pending
Degraded - RolloutAborted: Rollout aborted update to revision 2: Blue/green pre-promotion analysis phase error/failed: Metric "error-rate" assessed Failed due to failed (1) > failureLimit (0)
Error: The rollout is in a degraded state with message: RolloutAborted: Rollout aborted update to revision 2: Blue/green pre-promotion analysis phase error/failed: Metric "error-rate" assessed Failed due to failed (1) > failureLimit (0)
Trial finished: failed_or_timeout in 45s
pod "k6-bluegreen-level2-errors-vus10-run20" deleted from demo namespace
=== bluegreen_level2_latency_vus10_run1 ===
rollout.argoproj.io "exp-bluegreen" deleted from demo namespace
service "exp-bg-active" deleted from demo namespace
service "exp-bg-preview" deleted from demo namespace
rollout.argoproj.io/exp-bluegreen created
service/exp-bg-active created
service/exp-bg-preview created
Progressing - updated replicas are still becoming available
Healthy
rollout.argoproj.io/exp-bluegreen configured
service/exp-bg-active unchanged
service/exp-bg-preview unchanged
Starting trial: bluegreen_level2_latency_vus10_run1
Progressing - active service cutover pending
Healthy
Trial finished: healthy in 81s
pod "k6-bluegreen-level2-latency-vus10-run1" deleted from demo namespace
=== bluegreen_level2_latency_vus10_run2 ===
rollout.argoproj.io "exp-bluegreen" deleted from demo namespace
service "exp-bg-active" deleted from demo namespace
service "exp-bg-preview" deleted from demo namespace
rollout.argoproj.io/exp-bluegreen created
service/exp-bg-active created
service/exp-bg-preview created
Progressing - updated replicas are still becoming available
Healthy
rollout.argoproj.io/exp-bluegreen configured
service/exp-bg-active unchanged
service/exp-bg-preview unchanged
Starting trial: bluegreen_level2_latency_vus10_run2
Progressing - active service cutover pending
Healthy
Trial finished: healthy in 76s
pod "k6-bluegreen-level2-latency-vus10-run2" deleted from demo namespace
=== bluegreen_level2_latency_vus10_run3 ===
rollout.argoproj.io "exp-bluegreen" deleted from demo namespace
service "exp-bg-active" deleted from demo namespace
service "exp-bg-preview" deleted from demo namespace
rollout.argoproj.io/exp-bluegreen created
service/exp-bg-active created
service/exp-bg-preview created
Progressing - updated replicas are still becoming available
Healthy
rollout.argoproj.io/exp-bluegreen configured
service/exp-bg-active unchanged
service/exp-bg-preview unchanged
Starting trial: bluegreen_level2_latency_vus10_run3
Progressing - active service cutover pending
Healthy
Trial finished: healthy in 76s
pod "k6-bluegreen-level2-latency-vus10-run3" deleted from demo namespace
=== bluegreen_level2_latency_vus10_run4 ===
rollout.argoproj.io "exp-bluegreen" deleted from demo namespace
service "exp-bg-active" deleted from demo namespace
service "exp-bg-preview" deleted from demo namespace
rollout.argoproj.io/exp-bluegreen created
service/exp-bg-active created
service/exp-bg-preview created
Progressing - updated replicas are still becoming available
Healthy
rollout.argoproj.io/exp-bluegreen configured
service/exp-bg-active unchanged
service/exp-bg-preview unchanged
Starting trial: bluegreen_level2_latency_vus10_run4
Progressing - active service cutover pending
Healthy
Trial finished: healthy in 75s
pod "k6-bluegreen-level2-latency-vus10-run4" deleted from demo namespace
=== bluegreen_level2_latency_vus10_run5 ===
rollout.argoproj.io "exp-bluegreen" deleted from demo namespace
service "exp-bg-active" deleted from demo namespace
service "exp-bg-preview" deleted from demo namespace
rollout.argoproj.io/exp-bluegreen created
service/exp-bg-active created
service/exp-bg-preview created
Progressing - updated replicas are still becoming available
Healthy
rollout.argoproj.io/exp-bluegreen configured
service/exp-bg-active unchanged
service/exp-bg-preview unchanged
Starting trial: bluegreen_level2_latency_vus10_run5
Progressing - active service cutover pending
Healthy
Trial finished: healthy in 76s
pod "k6-bluegreen-level2-latency-vus10-run5" deleted from demo namespace
=== bluegreen_level2_latency_vus10_run6 ===
rollout.argoproj.io "exp-bluegreen" deleted from demo namespace
service "exp-bg-active" deleted from demo namespace
service "exp-bg-preview" deleted from demo namespace
rollout.argoproj.io/exp-bluegreen created
service/exp-bg-active created
service/exp-bg-preview created
Progressing - updated replicas are still becoming available
Healthy
rollout.argoproj.io/exp-bluegreen configured
service/exp-bg-active unchanged
service/exp-bg-preview unchanged
Starting trial: bluegreen_level2_latency_vus10_run6
Progressing - active service cutover pending
Healthy
Trial finished: healthy in 76s
pod "k6-bluegreen-level2-latency-vus10-run6" deleted from demo namespace
=== bluegreen_level2_latency_vus10_run7 ===
rollout.argoproj.io "exp-bluegreen" deleted from demo namespace
service "exp-bg-active" deleted from demo namespace
service "exp-bg-preview" deleted from demo namespace
rollout.argoproj.io/exp-bluegreen created
service/exp-bg-active created
service/exp-bg-preview created
Progressing - updated replicas are still becoming available
Healthy
rollout.argoproj.io/exp-bluegreen configured
service/exp-bg-active unchanged
service/exp-bg-preview unchanged
Starting trial: bluegreen_level2_latency_vus10_run7
Progressing - active service cutover pending
Healthy
Trial finished: healthy in 76s
pod "k6-bluegreen-level2-latency-vus10-run7" deleted from demo namespace
=== bluegreen_level2_latency_vus10_run8 ===
rollout.argoproj.io "exp-bluegreen" deleted from demo namespace
service "exp-bg-active" deleted from demo namespace
service "exp-bg-preview" deleted from demo namespace
rollout.argoproj.io/exp-bluegreen created
service/exp-bg-active created
service/exp-bg-preview created
Progressing - updated replicas are still becoming available
Healthy
rollout.argoproj.io/exp-bluegreen configured
service/exp-bg-active unchanged
service/exp-bg-preview unchanged
Starting trial: bluegreen_level2_latency_vus10_run8
Progressing - active service cutover pending
Healthy
Trial finished: healthy in 80s
pod "k6-bluegreen-level2-latency-vus10-run8" deleted from demo namespace
=== bluegreen_level2_latency_vus10_run9 ===
rollout.argoproj.io "exp-bluegreen" deleted from demo namespace
service "exp-bg-active" deleted from demo namespace
service "exp-bg-preview" deleted from demo namespace
rollout.argoproj.io/exp-bluegreen created
service/exp-bg-active created
service/exp-bg-preview created
Progressing - updated replicas are still becoming available
Healthy
rollout.argoproj.io/exp-bluegreen configured
service/exp-bg-active unchanged
service/exp-bg-preview unchanged
Starting trial: bluegreen_level2_latency_vus10_run9
Progressing - active service cutover pending
Healthy
Trial finished: healthy in 76s
pod "k6-bluegreen-level2-latency-vus10-run9" deleted from demo namespace
=== bluegreen_level2_latency_vus10_run10 ===
rollout.argoproj.io "exp-bluegreen" deleted from demo namespace
service "exp-bg-active" deleted from demo namespace
service "exp-bg-preview" deleted from demo namespace
rollout.argoproj.io/exp-bluegreen created
service/exp-bg-active created
service/exp-bg-preview created
Progressing - updated replicas are still becoming available
Healthy
rollout.argoproj.io/exp-bluegreen configured
service/exp-bg-active unchanged
service/exp-bg-preview unchanged
Starting trial: bluegreen_level2_latency_vus10_run10
Progressing - active service cutover pending
Healthy
Trial finished: healthy in 76s
pod "k6-bluegreen-level2-latency-vus10-run10" deleted from demo namespace
=== bluegreen_level2_latency_vus10_run11 ===
rollout.argoproj.io "exp-bluegreen" deleted from demo namespace
service "exp-bg-active" deleted from demo namespace
service "exp-bg-preview" deleted from demo namespace
rollout.argoproj.io/exp-bluegreen created
service/exp-bg-active created
service/exp-bg-preview created
Progressing - updated replicas are still becoming available
Healthy
rollout.argoproj.io/exp-bluegreen configured
service/exp-bg-active unchanged
service/exp-bg-preview unchanged
Starting trial: bluegreen_level2_latency_vus10_run11
Progressing - active service cutover pending
Healthy
Trial finished: healthy in 76s
pod "k6-bluegreen-level2-latency-vus10-run11" deleted from demo namespace
=== bluegreen_level2_latency_vus10_run12 ===
rollout.argoproj.io "exp-bluegreen" deleted from demo namespace
service "exp-bg-active" deleted from demo namespace
service "exp-bg-preview" deleted from demo namespace
rollout.argoproj.io/exp-bluegreen created
service/exp-bg-active created
service/exp-bg-preview created
Progressing - updated replicas are still becoming available
Healthy
rollout.argoproj.io/exp-bluegreen configured
service/exp-bg-active unchanged
service/exp-bg-preview unchanged
Starting trial: bluegreen_level2_latency_vus10_run12
Progressing - active service cutover pending
Healthy
Trial finished: healthy in 80s
pod "k6-bluegreen-level2-latency-vus10-run12" deleted from demo namespace
=== bluegreen_level2_latency_vus10_run13 ===
rollout.argoproj.io "exp-bluegreen" deleted from demo namespace
service "exp-bg-active" deleted from demo namespace
service "exp-bg-preview" deleted from demo namespace
rollout.argoproj.io/exp-bluegreen created
service/exp-bg-active created
service/exp-bg-preview created
Progressing - updated replicas are still becoming available
Healthy
rollout.argoproj.io/exp-bluegreen configured
service/exp-bg-active unchanged
service/exp-bg-preview unchanged
Starting trial: bluegreen_level2_latency_vus10_run13
Progressing - active service cutover pending
Healthy
Trial finished: healthy in 76s
pod "k6-bluegreen-level2-latency-vus10-run13" deleted from demo namespace
=== bluegreen_level2_latency_vus10_run14 ===
rollout.argoproj.io "exp-bluegreen" deleted from demo namespace
service "exp-bg-active" deleted from demo namespace
service "exp-bg-preview" deleted from demo namespace
rollout.argoproj.io/exp-bluegreen created
service/exp-bg-active created
service/exp-bg-preview created
Progressing - updated replicas are still becoming available
Healthy
rollout.argoproj.io/exp-bluegreen configured
service/exp-bg-active unchanged
service/exp-bg-preview unchanged
Starting trial: bluegreen_level2_latency_vus10_run14
Progressing - active service cutover pending
Healthy
Trial finished: healthy in 81s
pod "k6-bluegreen-level2-latency-vus10-run14" deleted from demo namespace
=== bluegreen_level2_latency_vus10_run15 ===
rollout.argoproj.io "exp-bluegreen" deleted from demo namespace
service "exp-bg-active" deleted from demo namespace
service "exp-bg-preview" deleted from demo namespace
rollout.argoproj.io/exp-bluegreen created
service/exp-bg-active created
service/exp-bg-preview created
Progressing - updated replicas are still becoming available
Healthy
rollout.argoproj.io/exp-bluegreen configured
service/exp-bg-active unchanged
service/exp-bg-preview unchanged
Starting trial: bluegreen_level2_latency_vus10_run15
Progressing - active service cutover pending
Healthy
Trial finished: healthy in 75s
pod "k6-bluegreen-level2-latency-vus10-run15" deleted from demo namespace
=== bluegreen_level2_latency_vus10_run16 ===
rollout.argoproj.io "exp-bluegreen" deleted from demo namespace
service "exp-bg-active" deleted from demo namespace
service "exp-bg-preview" deleted from demo namespace
rollout.argoproj.io/exp-bluegreen created
service/exp-bg-active created
service/exp-bg-preview created
Progressing - updated replicas are still becoming available
Healthy
rollout.argoproj.io/exp-bluegreen configured
service/exp-bg-active unchanged
service/exp-bg-preview unchanged
Starting trial: bluegreen_level2_latency_vus10_run16
Progressing - active service cutover pending
Healthy
Trial finished: healthy in 80s
pod "k6-bluegreen-level2-latency-vus10-run16" deleted from demo namespace
=== bluegreen_level2_latency_vus10_run17 ===
rollout.argoproj.io "exp-bluegreen" deleted from demo namespace
service "exp-bg-active" deleted from demo namespace
service "exp-bg-preview" deleted from demo namespace
rollout.argoproj.io/exp-bluegreen created
service/exp-bg-active created
service/exp-bg-preview created
Progressing - updated replicas are still becoming available
Healthy
rollout.argoproj.io/exp-bluegreen configured
service/exp-bg-active unchanged
service/exp-bg-preview unchanged
Starting trial: bluegreen_level2_latency_vus10_run17
Progressing - active service cutover pending
Healthy
Trial finished: healthy in 76s
pod "k6-bluegreen-level2-latency-vus10-run17" deleted from demo namespace
=== bluegreen_level2_latency_vus10_run18 ===
rollout.argoproj.io "exp-bluegreen" deleted from demo namespace
service "exp-bg-active" deleted from demo namespace
service "exp-bg-preview" deleted from demo namespace
rollout.argoproj.io/exp-bluegreen created
service/exp-bg-active created
service/exp-bg-preview created
Progressing - updated replicas are still becoming available
Healthy
rollout.argoproj.io/exp-bluegreen configured
service/exp-bg-active unchanged
service/exp-bg-preview unchanged
Starting trial: bluegreen_level2_latency_vus10_run18
Progressing - active service cutover pending
Healthy
Trial finished: healthy in 76s
pod "k6-bluegreen-level2-latency-vus10-run18" deleted from demo namespace
=== bluegreen_level2_latency_vus10_run19 ===
rollout.argoproj.io "exp-bluegreen" deleted from demo namespace
service "exp-bg-active" deleted from demo namespace
service "exp-bg-preview" deleted from demo namespace
rollout.argoproj.io/exp-bluegreen created
service/exp-bg-active created
service/exp-bg-preview created
Progressing - updated replicas are still becoming available
Healthy
rollout.argoproj.io/exp-bluegreen configured
service/exp-bg-active unchanged
service/exp-bg-preview unchanged
Starting trial: bluegreen_level2_latency_vus10_run19
Progressing - active service cutover pending
Healthy
Trial finished: healthy in 75s
pod "k6-bluegreen-level2-latency-vus10-run19" deleted from demo namespace
=== bluegreen_level2_latency_vus10_run20 ===
rollout.argoproj.io "exp-bluegreen" deleted from demo namespace
service "exp-bg-active" deleted from demo namespace
service "exp-bg-preview" deleted from demo namespace
rollout.argoproj.io/exp-bluegreen created
service/exp-bg-active created
service/exp-bg-preview created
Progressing - updated replicas are still becoming available
Healthy
rollout.argoproj.io/exp-bluegreen configured
service/exp-bg-active unchanged
service/exp-bg-preview unchanged
Starting trial: bluegreen_level2_latency_vus10_run20
Progressing - active service cutover pending
Healthy
Trial finished: healthy in 80s
pod "k6-bluegreen-level2-latency-vus10-run20" deleted from demo namespace
=== bluegreen_level2_memory_leak_vus10_run1 ===
rollout.argoproj.io "exp-bluegreen" deleted from demo namespace
service "exp-bg-active" deleted from demo namespace
service "exp-bg-preview" deleted from demo namespace
rollout.argoproj.io/exp-bluegreen created
service/exp-bg-active created
service/exp-bg-preview created
Progressing - updated replicas are still becoming available
Healthy
rollout.argoproj.io/exp-bluegreen configured
service/exp-bg-active unchanged
service/exp-bg-preview unchanged
Starting trial: bluegreen_level2_memory_leak_vus10_run1
Progressing - active service cutover pending
Healthy
Trial finished: healthy in 81s
pod "k6-bluegreen-level2-memory-leak-vus10-run1" deleted from demo namespace
=== bluegreen_level2_memory_leak_vus10_run2 ===
rollout.argoproj.io "exp-bluegreen" deleted from demo namespace
service "exp-bg-active" deleted from demo namespace
service "exp-bg-preview" deleted from demo namespace
rollout.argoproj.io/exp-bluegreen created
service/exp-bg-active created
service/exp-bg-preview created
Progressing - updated replicas are still becoming available
Healthy
rollout.argoproj.io/exp-bluegreen configured
service/exp-bg-active unchanged
service/exp-bg-preview unchanged
Starting trial: bluegreen_level2_memory_leak_vus10_run2
Progressing - active service cutover pending
Healthy
Trial finished: healthy in 81s
pod "k6-bluegreen-level2-memory-leak-vus10-run2" deleted from demo namespace
=== bluegreen_level2_memory_leak_vus10_run3 ===
rollout.argoproj.io "exp-bluegreen" deleted from demo namespace
service "exp-bg-active" deleted from demo namespace
service "exp-bg-preview" deleted from demo namespace
rollout.argoproj.io/exp-bluegreen created
service/exp-bg-active created
service/exp-bg-preview created
Progressing - updated replicas are still becoming available
Healthy
rollout.argoproj.io/exp-bluegreen configured
service/exp-bg-active unchanged
service/exp-bg-preview unchanged
Starting trial: bluegreen_level2_memory_leak_vus10_run3
Progressing - active service cutover pending
Healthy
Trial finished: healthy in 80s
pod "k6-bluegreen-level2-memory-leak-vus10-run3" deleted from demo namespace
=== bluegreen_level2_memory_leak_vus10_run4 ===
rollout.argoproj.io "exp-bluegreen" deleted from demo namespace
service "exp-bg-active" deleted from demo namespace
service "exp-bg-preview" deleted from demo namespace
rollout.argoproj.io/exp-bluegreen created
service/exp-bg-active created
service/exp-bg-preview created
Progressing - updated replicas are still becoming available
Healthy
rollout.argoproj.io/exp-bluegreen configured
service/exp-bg-active unchanged
service/exp-bg-preview unchanged
Starting trial: bluegreen_level2_memory_leak_vus10_run4
Progressing - active service cutover pending
Healthy
Trial finished: healthy in 76s
pod "k6-bluegreen-level2-memory-leak-vus10-run4" deleted from demo namespace
=== bluegreen_level2_memory_leak_vus10_run5 ===
rollout.argoproj.io "exp-bluegreen" deleted from demo namespace
service "exp-bg-active" deleted from demo namespace
service "exp-bg-preview" deleted from demo namespace
rollout.argoproj.io/exp-bluegreen created
service/exp-bg-active created
service/exp-bg-preview created
Progressing - updated replicas are still becoming available
Healthy
rollout.argoproj.io/exp-bluegreen configured
service/exp-bg-active unchanged
service/exp-bg-preview unchanged
Starting trial: bluegreen_level2_memory_leak_vus10_run5
Progressing - active service cutover pending
Healthy
Trial finished: healthy in 81s
pod "k6-bluegreen-level2-memory-leak-vus10-run5" deleted from demo namespace
=== bluegreen_level2_memory_leak_vus10_run6 ===
rollout.argoproj.io "exp-bluegreen" deleted from demo namespace
service "exp-bg-active" deleted from demo namespace
service "exp-bg-preview" deleted from demo namespace
rollout.argoproj.io/exp-bluegreen created
service/exp-bg-active created
service/exp-bg-preview created
Progressing - updated replicas are still becoming available
Healthy
rollout.argoproj.io/exp-bluegreen configured
service/exp-bg-active unchanged
service/exp-bg-preview unchanged
Starting trial: bluegreen_level2_memory_leak_vus10_run6
Progressing - active service cutover pending
Healthy
Trial finished: healthy in 81s
pod "k6-bluegreen-level2-memory-leak-vus10-run6" deleted from demo namespace
=== bluegreen_level2_memory_leak_vus10_run7 ===
rollout.argoproj.io "exp-bluegreen" deleted from demo namespace
service "exp-bg-active" deleted from demo namespace
service "exp-bg-preview" deleted from demo namespace
rollout.argoproj.io/exp-bluegreen created
service/exp-bg-active created
service/exp-bg-preview created
Progressing - updated replicas are still becoming available
Healthy
rollout.argoproj.io/exp-bluegreen configured
service/exp-bg-active unchanged
service/exp-bg-preview unchanged
Starting trial: bluegreen_level2_memory_leak_vus10_run7
Progressing - active service cutover pending
Healthy
Trial finished: healthy in 80s
pod "k6-bluegreen-level2-memory-leak-vus10-run7" deleted from demo namespace
=== bluegreen_level2_memory_leak_vus10_run8 ===
rollout.argoproj.io "exp-bluegreen" deleted from demo namespace
service "exp-bg-active" deleted from demo namespace
service "exp-bg-preview" deleted from demo namespace
rollout.argoproj.io/exp-bluegreen created
service/exp-bg-active created
service/exp-bg-preview created
Progressing - updated replicas are still becoming available
Healthy
rollout.argoproj.io/exp-bluegreen configured
service/exp-bg-active unchanged
service/exp-bg-preview unchanged
Starting trial: bluegreen_level2_memory_leak_vus10_run8
Progressing - active service cutover pending
Healthy
Trial finished: healthy in 76s
pod "k6-bluegreen-level2-memory-leak-vus10-run8" deleted from demo namespace
=== bluegreen_level2_memory_leak_vus10_run9 ===
rollout.argoproj.io "exp-bluegreen" deleted from demo namespace
service "exp-bg-active" deleted from demo namespace
service "exp-bg-preview" deleted from demo namespace
rollout.argoproj.io/exp-bluegreen created
service/exp-bg-active created
service/exp-bg-preview created
Progressing - updated replicas are still becoming available
Healthy
rollout.argoproj.io/exp-bluegreen configured
service/exp-bg-active unchanged
service/exp-bg-preview unchanged
Starting trial: bluegreen_level2_memory_leak_vus10_run9
Progressing - active service cutover pending
Healthy
Trial finished: healthy in 81s
pod "k6-bluegreen-level2-memory-leak-vus10-run9" deleted from demo namespace
=== bluegreen_level2_memory_leak_vus10_run10 ===
rollout.argoproj.io "exp-bluegreen" deleted from demo namespace
service "exp-bg-active" deleted from demo namespace
service "exp-bg-preview" deleted from demo namespace
rollout.argoproj.io/exp-bluegreen created
service/exp-bg-active created
service/exp-bg-preview created
Progressing - updated replicas are still becoming available
Healthy
rollout.argoproj.io/exp-bluegreen configured
service/exp-bg-active unchanged
service/exp-bg-preview unchanged
Starting trial: bluegreen_level2_memory_leak_vus10_run10
Progressing - active service cutover pending
Healthy
Trial finished: healthy in 75s
pod "k6-bluegreen-level2-memory-leak-vus10-run10" deleted from demo namespace
=== bluegreen_level2_memory_leak_vus10_run11 ===
rollout.argoproj.io "exp-bluegreen" deleted from demo namespace
service "exp-bg-active" deleted from demo namespace
service "exp-bg-preview" deleted from demo namespace
rollout.argoproj.io/exp-bluegreen created
service/exp-bg-active created
service/exp-bg-preview created
Progressing - updated replicas are still becoming available
Healthy
rollout.argoproj.io/exp-bluegreen configured
service/exp-bg-active unchanged
service/exp-bg-preview unchanged
Starting trial: bluegreen_level2_memory_leak_vus10_run11
Progressing - active service cutover pending
Healthy
Trial finished: healthy in 80s
pod "k6-bluegreen-level2-memory-leak-vus10-run11" deleted from demo namespace
=== bluegreen_level2_memory_leak_vus10_run12 ===
rollout.argoproj.io "exp-bluegreen" deleted from demo namespace
service "exp-bg-active" deleted from demo namespace
service "exp-bg-preview" deleted from demo namespace
rollout.argoproj.io/exp-bluegreen created
service/exp-bg-active created
service/exp-bg-preview created
Progressing - updated replicas are still becoming available
Healthy
rollout.argoproj.io/exp-bluegreen configured
service/exp-bg-active unchanged
service/exp-bg-preview unchanged
Starting trial: bluegreen_level2_memory_leak_vus10_run12
Progressing - active service cutover pending
Healthy
Trial finished: healthy in 81s
pod "k6-bluegreen-level2-memory-leak-vus10-run12" deleted from demo namespace
=== bluegreen_level2_memory_leak_vus10_run13 ===
rollout.argoproj.io "exp-bluegreen" deleted from demo namespace
service "exp-bg-active" deleted from demo namespace
service "exp-bg-preview" deleted from demo namespace
rollout.argoproj.io/exp-bluegreen created
service/exp-bg-active created
service/exp-bg-preview created
Progressing - updated replicas are still becoming available
Healthy
rollout.argoproj.io/exp-bluegreen configured
service/exp-bg-active unchanged
service/exp-bg-preview unchanged
Starting trial: bluegreen_level2_memory_leak_vus10_run13
Progressing - active service cutover pending
Healthy
Trial finished: healthy in 76s
pod "k6-bluegreen-level2-memory-leak-vus10-run13" deleted from demo namespace
=== bluegreen_level2_memory_leak_vus10_run14 ===
rollout.argoproj.io "exp-bluegreen" deleted from demo namespace
service "exp-bg-active" deleted from demo namespace
service "exp-bg-preview" deleted from demo namespace
rollout.argoproj.io/exp-bluegreen created
service/exp-bg-active created
service/exp-bg-preview created
Progressing - updated replicas are still becoming available
Healthy
rollout.argoproj.io/exp-bluegreen configured
service/exp-bg-active unchanged
service/exp-bg-preview unchanged
Starting trial: bluegreen_level2_memory_leak_vus10_run14
Progressing - active service cutover pending
Healthy
Trial finished: healthy in 80s
pod "k6-bluegreen-level2-memory-leak-vus10-run14" deleted from demo namespace
=== bluegreen_level2_memory_leak_vus10_run15 ===
rollout.argoproj.io "exp-bluegreen" deleted from demo namespace
service "exp-bg-active" deleted from demo namespace
service "exp-bg-preview" deleted from demo namespace
rollout.argoproj.io/exp-bluegreen created
service/exp-bg-active created
service/exp-bg-preview created
Progressing - updated replicas are still becoming available
Healthy
rollout.argoproj.io/exp-bluegreen configured
service/exp-bg-active unchanged
service/exp-bg-preview unchanged
Starting trial: bluegreen_level2_memory_leak_vus10_run15
Progressing - active service cutover pending
Healthy
Trial finished: healthy in 76s
pod "k6-bluegreen-level2-memory-leak-vus10-run15" deleted from demo namespace
=== bluegreen_level2_memory_leak_vus10_run16 ===
rollout.argoproj.io "exp-bluegreen" deleted from demo namespace
service "exp-bg-active" deleted from demo namespace
service "exp-bg-preview" deleted from demo namespace
rollout.argoproj.io/exp-bluegreen created
service/exp-bg-active created
service/exp-bg-preview created
Progressing - updated replicas are still becoming available
Healthy
rollout.argoproj.io/exp-bluegreen configured
service/exp-bg-active unchanged
service/exp-bg-preview unchanged
Starting trial: bluegreen_level2_memory_leak_vus10_run16
Progressing - active service cutover pending
Healthy
Trial finished: healthy in 81s
pod "k6-bluegreen-level2-memory-leak-vus10-run16" deleted from demo namespace
=== bluegreen_level2_memory_leak_vus10_run17 ===
rollout.argoproj.io "exp-bluegreen" deleted from demo namespace
service "exp-bg-active" deleted from demo namespace
service "exp-bg-preview" deleted from demo namespace
rollout.argoproj.io/exp-bluegreen created
service/exp-bg-active created
service/exp-bg-preview created
Progressing - updated replicas are still becoming available
Healthy
rollout.argoproj.io/exp-bluegreen configured
service/exp-bg-active unchanged
service/exp-bg-preview unchanged
Starting trial: bluegreen_level2_memory_leak_vus10_run17
Progressing - active service cutover pending
Healthy
Trial finished: healthy in 81s
pod "k6-bluegreen-level2-memory-leak-vus10-run17" deleted from demo namespace
=== bluegreen_level2_memory_leak_vus10_run18 ===
rollout.argoproj.io "exp-bluegreen" deleted from demo namespace
service "exp-bg-active" deleted from demo namespace
service "exp-bg-preview" deleted from demo namespace
rollout.argoproj.io/exp-bluegreen created
service/exp-bg-active created
service/exp-bg-preview created
Progressing - updated replicas are still becoming available
Healthy
rollout.argoproj.io/exp-bluegreen configured
service/exp-bg-active unchanged
service/exp-bg-preview unchanged
Starting trial: bluegreen_level2_memory_leak_vus10_run18
Progressing - active service cutover pending
Healthy
Trial finished: healthy in 80s
pod "k6-bluegreen-level2-memory-leak-vus10-run18" deleted from demo namespace
=== bluegreen_level2_memory_leak_vus10_run19 ===
rollout.argoproj.io "exp-bluegreen" deleted from demo namespace
service "exp-bg-active" deleted from demo namespace
service "exp-bg-preview" deleted from demo namespace
rollout.argoproj.io/exp-bluegreen created
service/exp-bg-active created
service/exp-bg-preview created
Progressing - updated replicas are still becoming available
Healthy
rollout.argoproj.io/exp-bluegreen configured
service/exp-bg-active unchanged
service/exp-bg-preview unchanged
Starting trial: bluegreen_level2_memory_leak_vus10_run19
Progressing - active service cutover pending
Healthy
Trial finished: healthy in 76s
pod "k6-bluegreen-level2-memory-leak-vus10-run19" deleted from demo namespace
=== bluegreen_level2_memory_leak_vus10_run20 ===
rollout.argoproj.io "exp-bluegreen" deleted from demo namespace
service "exp-bg-active" deleted from demo namespace
service "exp-bg-preview" deleted from demo namespace
rollout.argoproj.io/exp-bluegreen created
service/exp-bg-active created
service/exp-bg-preview created
Progressing - updated replicas are still becoming available
Healthy
rollout.argoproj.io/exp-bluegreen configured
service/exp-bg-active unchanged
service/exp-bg-preview unchanged
Starting trial: bluegreen_level2_memory_leak_vus10_run20
Progressing - active service cutover pending
Healthy
Trial finished: healthy in 81s
pod "k6-bluegreen-level2-memory-leak-vus10-run20" deleted from demo namespace
=== bluegreen_level2_crash_loop_vus10_run1 ===
rollout.argoproj.io "exp-bluegreen" deleted from demo namespace
service "exp-bg-active" deleted from demo namespace
service "exp-bg-preview" deleted from demo namespace
rollout.argoproj.io/exp-bluegreen created
service/exp-bg-active created
service/exp-bg-preview created
Progressing - updated replicas are still becoming available
Healthy
rollout.argoproj.io/exp-bluegreen configured
service/exp-bg-active unchanged
service/exp-bg-preview unchanged
Starting trial: bluegreen_level2_crash_loop_vus10_run1
Progressing - active service cutover pending
Healthy
Trial finished: healthy in 108s
pod "k6-bluegreen-level2-crash-loop-vus10-run1" deleted from demo namespace
=== bluegreen_level2_crash_loop_vus10_run2 ===
rollout.argoproj.io "exp-bluegreen" deleted from demo namespace
service "exp-bg-active" deleted from demo namespace
service "exp-bg-preview" deleted from demo namespace
rollout.argoproj.io/exp-bluegreen created
service/exp-bg-active created
service/exp-bg-preview created
Progressing - updated replicas are still becoming available
Healthy
rollout.argoproj.io/exp-bluegreen configured
service/exp-bg-active unchanged
service/exp-bg-preview unchanged
Starting trial: bluegreen_level2_crash_loop_vus10_run2
Progressing - active service cutover pending
Healthy
Trial finished: healthy in 113s
pod "k6-bluegreen-level2-crash-loop-vus10-run2" deleted from demo namespace
=== bluegreen_level2_crash_loop_vus10_run3 ===
rollout.argoproj.io "exp-bluegreen" deleted from demo namespace
service "exp-bg-active" deleted from demo namespace
service "exp-bg-preview" deleted from demo namespace
rollout.argoproj.io/exp-bluegreen created
service/exp-bg-active created
service/exp-bg-preview created
Progressing - updated replicas are still becoming available
Healthy
rollout.argoproj.io/exp-bluegreen configured
service/exp-bg-active unchanged
service/exp-bg-preview unchanged
Starting trial: bluegreen_level2_crash_loop_vus10_run3
Progressing - active service cutover pending
Healthy
Trial finished: healthy in 115s
pod "k6-bluegreen-level2-crash-loop-vus10-run3" deleted from demo namespace
=== bluegreen_level2_crash_loop_vus10_run4 ===
rollout.argoproj.io "exp-bluegreen" deleted from demo namespace
service "exp-bg-active" deleted from demo namespace
service "exp-bg-preview" deleted from demo namespace
rollout.argoproj.io/exp-bluegreen created
service/exp-bg-active created
service/exp-bg-preview created
Progressing - updated replicas are still becoming available
Healthy
rollout.argoproj.io/exp-bluegreen configured
service/exp-bg-active unchanged
service/exp-bg-preview unchanged
Starting trial: bluegreen_level2_crash_loop_vus10_run4
Progressing - active service cutover pending
Healthy
Trial finished: healthy in 120s
pod "k6-bluegreen-level2-crash-loop-vus10-run4" deleted from demo namespace
=== bluegreen_level2_crash_loop_vus10_run5 ===
rollout.argoproj.io "exp-bluegreen" deleted from demo namespace
service "exp-bg-active" deleted from demo namespace
service "exp-bg-preview" deleted from demo namespace
rollout.argoproj.io/exp-bluegreen created
service/exp-bg-active created
service/exp-bg-preview created
Progressing - updated replicas are still becoming available
Healthy
rollout.argoproj.io/exp-bluegreen configured
service/exp-bg-active unchanged
service/exp-bg-preview unchanged
Starting trial: bluegreen_level2_crash_loop_vus10_run5
Progressing - active service cutover pending
Healthy
Trial finished: healthy in 101s
pod "k6-bluegreen-level2-crash-loop-vus10-run5" deleted from demo namespace
=== bluegreen_level2_crash_loop_vus10_run6 ===
rollout.argoproj.io "exp-bluegreen" deleted from demo namespace
service "exp-bg-active" deleted from demo namespace
service "exp-bg-preview" deleted from demo namespace
rollout.argoproj.io/exp-bluegreen created
service/exp-bg-active created
service/exp-bg-preview created
Progressing - updated replicas are still becoming available
Healthy
rollout.argoproj.io/exp-bluegreen configured
service/exp-bg-active unchanged
service/exp-bg-preview unchanged
Starting trial: bluegreen_level2_crash_loop_vus10_run6
Progressing - active service cutover pending
Healthy
Trial finished: healthy in 109s
pod "k6-bluegreen-level2-crash-loop-vus10-run6" deleted from demo namespace
=== bluegreen_level2_crash_loop_vus10_run7 ===
rollout.argoproj.io "exp-bluegreen" deleted from demo namespace
service "exp-bg-active" deleted from demo namespace
service "exp-bg-preview" deleted from demo namespace
rollout.argoproj.io/exp-bluegreen created
service/exp-bg-active created
service/exp-bg-preview created
Progressing - updated replicas are still becoming available
Healthy
rollout.argoproj.io/exp-bluegreen configured
service/exp-bg-active unchanged
service/exp-bg-preview unchanged
Starting trial: bluegreen_level2_crash_loop_vus10_run7
Progressing - active service cutover pending
Healthy
Trial finished: healthy in 112s
pod "k6-bluegreen-level2-crash-loop-vus10-run7" deleted from demo namespace
=== bluegreen_level2_crash_loop_vus10_run8 ===
rollout.argoproj.io "exp-bluegreen" deleted from demo namespace
service "exp-bg-active" deleted from demo namespace
service "exp-bg-preview" deleted from demo namespace
rollout.argoproj.io/exp-bluegreen created
service/exp-bg-active created
service/exp-bg-preview created
Progressing - updated replicas are still becoming available
Healthy
rollout.argoproj.io/exp-bluegreen configured
service/exp-bg-active unchanged
service/exp-bg-preview unchanged
Starting trial: bluegreen_level2_crash_loop_vus10_run8
Progressing - active service cutover pending
Healthy
Trial finished: healthy in 102s
pod "k6-bluegreen-level2-crash-loop-vus10-run8" deleted from demo namespace
=== bluegreen_level2_crash_loop_vus10_run9 ===
rollout.argoproj.io "exp-bluegreen" deleted from demo namespace
service "exp-bg-active" deleted from demo namespace
service "exp-bg-preview" deleted from demo namespace
rollout.argoproj.io/exp-bluegreen created
service/exp-bg-active created
service/exp-bg-preview created
Progressing - updated replicas are still becoming available
Healthy
rollout.argoproj.io/exp-bluegreen configured
service/exp-bg-active unchanged
service/exp-bg-preview unchanged
Starting trial: bluegreen_level2_crash_loop_vus10_run9
Progressing - active service cutover pending
Healthy
Trial finished: healthy in 105s
pod "k6-bluegreen-level2-crash-loop-vus10-run9" deleted from demo namespace
=== bluegreen_level2_crash_loop_vus10_run10 ===
rollout.argoproj.io "exp-bluegreen" deleted from demo namespace
service "exp-bg-active" deleted from demo namespace
service "exp-bg-preview" deleted from demo namespace
rollout.argoproj.io/exp-bluegreen created
service/exp-bg-active created
service/exp-bg-preview created
Progressing - updated replicas are still becoming available
Healthy
rollout.argoproj.io/exp-bluegreen configured
service/exp-bg-active unchanged
service/exp-bg-preview unchanged
Starting trial: bluegreen_level2_crash_loop_vus10_run10
Progressing - active service cutover pending
Healthy
Trial finished: healthy in 111s
pod "k6-bluegreen-level2-crash-loop-vus10-run10" deleted from demo namespace
=== bluegreen_level2_crash_loop_vus10_run11 ===
rollout.argoproj.io "exp-bluegreen" deleted from demo namespace
service "exp-bg-active" deleted from demo namespace
service "exp-bg-preview" deleted from demo namespace
rollout.argoproj.io/exp-bluegreen created
service/exp-bg-active created
service/exp-bg-preview created
Progressing - updated replicas are still becoming available
Healthy
rollout.argoproj.io/exp-bluegreen configured
service/exp-bg-active unchanged
service/exp-bg-preview unchanged
Starting trial: bluegreen_level2_crash_loop_vus10_run11
Progressing - active service cutover pending
Healthy
Trial finished: healthy in 119s
pod "k6-bluegreen-level2-crash-loop-vus10-run11" deleted from demo namespace
=== bluegreen_level2_crash_loop_vus10_run12 ===
rollout.argoproj.io "exp-bluegreen" deleted from demo namespace
service "exp-bg-active" deleted from demo namespace
service "exp-bg-preview" deleted from demo namespace
rollout.argoproj.io/exp-bluegreen created
service/exp-bg-active created
service/exp-bg-preview created
Progressing - updated replicas are still becoming available
Healthy
rollout.argoproj.io/exp-bluegreen configured
service/exp-bg-active unchanged
service/exp-bg-preview unchanged
Starting trial: bluegreen_level2_crash_loop_vus10_run12
Progressing - active service cutover pending
Healthy
Trial finished: healthy in 114s
pod "k6-bluegreen-level2-crash-loop-vus10-run12" deleted from demo namespace
=== bluegreen_level2_crash_loop_vus10_run13 ===
rollout.argoproj.io "exp-bluegreen" deleted from demo namespace
service "exp-bg-active" deleted from demo namespace
service "exp-bg-preview" deleted from demo namespace
rollout.argoproj.io/exp-bluegreen created
service/exp-bg-active created
service/exp-bg-preview created
Progressing - updated replicas are still becoming available
Healthy
rollout.argoproj.io/exp-bluegreen configured
service/exp-bg-active unchanged
service/exp-bg-preview unchanged
Starting trial: bluegreen_level2_crash_loop_vus10_run13
Progressing - active service cutover pending
Healthy
Trial finished: healthy in 107s
pod "k6-bluegreen-level2-crash-loop-vus10-run13" deleted from demo namespace
=== bluegreen_level2_crash_loop_vus10_run14 ===
rollout.argoproj.io "exp-bluegreen" deleted from demo namespace
service "exp-bg-active" deleted from demo namespace
service "exp-bg-preview" deleted from demo namespace
rollout.argoproj.io/exp-bluegreen created
service/exp-bg-active created
service/exp-bg-preview created
Progressing - updated replicas are still becoming available
Healthy
rollout.argoproj.io/exp-bluegreen configured
service/exp-bg-active unchanged
service/exp-bg-preview unchanged
Starting trial: bluegreen_level2_crash_loop_vus10_run14
Progressing - active service cutover pending
Healthy
Trial finished: healthy in 108s
pod "k6-bluegreen-level2-crash-loop-vus10-run14" deleted from demo namespace
=== bluegreen_level2_crash_loop_vus10_run15 ===
rollout.argoproj.io "exp-bluegreen" deleted from demo namespace
service "exp-bg-active" deleted from demo namespace
service "exp-bg-preview" deleted from demo namespace
rollout.argoproj.io/exp-bluegreen created
service/exp-bg-active created
service/exp-bg-preview created
Progressing - updated replicas are still becoming available
Healthy
rollout.argoproj.io/exp-bluegreen configured
service/exp-bg-active unchanged
service/exp-bg-preview unchanged
Starting trial: bluegreen_level2_crash_loop_vus10_run15
Progressing - active service cutover pending
Healthy
Trial finished: healthy in 115s
pod "k6-bluegreen-level2-crash-loop-vus10-run15" deleted from demo namespace
=== bluegreen_level2_crash_loop_vus10_run16 ===
rollout.argoproj.io "exp-bluegreen" deleted from demo namespace
service "exp-bg-active" deleted from demo namespace
service "exp-bg-preview" deleted from demo namespace
rollout.argoproj.io/exp-bluegreen created
service/exp-bg-active created
service/exp-bg-preview created
Progressing - updated replicas are still becoming available
Healthy
rollout.argoproj.io/exp-bluegreen configured
service/exp-bg-active unchanged
service/exp-bg-preview unchanged
Starting trial: bluegreen_level2_crash_loop_vus10_run16
Progressing - active service cutover pending
Healthy
Trial finished: healthy in 104s
pod "k6-bluegreen-level2-crash-loop-vus10-run16" deleted from demo namespace
=== bluegreen_level2_crash_loop_vus10_run17 ===
rollout.argoproj.io "exp-bluegreen" deleted from demo namespace
service "exp-bg-active" deleted from demo namespace
service "exp-bg-preview" deleted from demo namespace
rollout.argoproj.io/exp-bluegreen created
service/exp-bg-active created
service/exp-bg-preview created
Progressing - updated replicas are still becoming available
Healthy
rollout.argoproj.io/exp-bluegreen configured
service/exp-bg-active unchanged
service/exp-bg-preview unchanged
Starting trial: bluegreen_level2_crash_loop_vus10_run17
Progressing - active service cutover pending
Healthy
Trial finished: healthy in 111s
pod "k6-bluegreen-level2-crash-loop-vus10-run17" deleted from demo namespace
=== bluegreen_level2_crash_loop_vus10_run18 ===
rollout.argoproj.io "exp-bluegreen" deleted from demo namespace
service "exp-bg-active" deleted from demo namespace
service "exp-bg-preview" deleted from demo namespace
rollout.argoproj.io/exp-bluegreen created
service/exp-bg-active created
service/exp-bg-preview created
Progressing - updated replicas are still becoming available
Healthy
rollout.argoproj.io/exp-bluegreen configured
service/exp-bg-active unchanged
service/exp-bg-preview unchanged
Starting trial: bluegreen_level2_crash_loop_vus10_run18
Progressing - active service cutover pending
Healthy
Trial finished: healthy in 105s
pod "k6-bluegreen-level2-crash-loop-vus10-run18" deleted from demo namespace
=== bluegreen_level2_crash_loop_vus10_run19 ===
rollout.argoproj.io "exp-bluegreen" deleted from demo namespace
service "exp-bg-active" deleted from demo namespace
service "exp-bg-preview" deleted from demo namespace
rollout.argoproj.io/exp-bluegreen created
service/exp-bg-active created
service/exp-bg-preview created
Progressing - updated replicas are still becoming available
Healthy
rollout.argoproj.io/exp-bluegreen configured
service/exp-bg-active unchanged
service/exp-bg-preview unchanged
Starting trial: bluegreen_level2_crash_loop_vus10_run19
Progressing - active service cutover pending
Healthy
Trial finished: healthy in 156s
pod "k6-bluegreen-level2-crash-loop-vus10-run19" deleted from demo namespace
=== bluegreen_level2_crash_loop_vus10_run20 ===
rollout.argoproj.io "exp-bluegreen" deleted from demo namespace
service "exp-bg-active" deleted from demo namespace
service "exp-bg-preview" deleted from demo namespace
rollout.argoproj.io/exp-bluegreen created
service/exp-bg-active created
service/exp-bg-preview created
Progressing - updated replicas are still becoming available
Healthy
rollout.argoproj.io/exp-bluegreen configured
service/exp-bg-active unchanged
service/exp-bg-preview unchanged
Starting trial: bluegreen_level2_crash_loop_vus10_run20
Progressing - active service cutover pending
Healthy
Trial finished: healthy in 109s
pod "k6-bluegreen-level2-crash-loop-vus10-run20" deleted from demo namespace
=== bluegreen_level2_downstream_db_slow_vus10_run1 ===
rollout.argoproj.io "exp-bluegreen" deleted from demo namespace
service "exp-bg-active" deleted from demo namespace
service "exp-bg-preview" deleted from demo namespace
rollout.argoproj.io/exp-bluegreen created
service/exp-bg-active created
service/exp-bg-preview created
Progressing - updated replicas are still becoming available
Healthy
rollout.argoproj.io/exp-bluegreen configured
service/exp-bg-active unchanged
service/exp-bg-preview unchanged
Starting trial: bluegreen_level2_downstream_db_slow_vus10_run1
Progressing - active service cutover pending
Healthy
Trial finished: healthy in 76s
pod "k6-bluegreen-level2-downstream-db-slow-vus10-run1" deleted from demo namespace
=== bluegreen_level2_downstream_db_slow_vus10_run2 ===
rollout.argoproj.io "exp-bluegreen" deleted from demo namespace
service "exp-bg-active" deleted from demo namespace
service "exp-bg-preview" deleted from demo namespace
rollout.argoproj.io/exp-bluegreen created
service/exp-bg-active created
service/exp-bg-preview created
Progressing - updated replicas are still becoming available
Healthy
rollout.argoproj.io/exp-bluegreen configured
service/exp-bg-active unchanged
service/exp-bg-preview unchanged
Starting trial: bluegreen_level2_downstream_db_slow_vus10_run2
Progressing - active service cutover pending
Healthy
Trial finished: healthy in 75s
pod "k6-bluegreen-level2-downstream-db-slow-vus10-run2" deleted from demo namespace
=== bluegreen_level2_downstream_db_slow_vus10_run3 ===
rollout.argoproj.io "exp-bluegreen" deleted from demo namespace
service "exp-bg-active" deleted from demo namespace
service "exp-bg-preview" deleted from demo namespace
rollout.argoproj.io/exp-bluegreen created
service/exp-bg-active created
service/exp-bg-preview created
Progressing - updated replicas are still becoming available
Healthy
rollout.argoproj.io/exp-bluegreen configured
service/exp-bg-active unchanged
service/exp-bg-preview unchanged
Starting trial: bluegreen_level2_downstream_db_slow_vus10_run3
Progressing - active service cutover pending
Healthy
Trial finished: healthy in 76s
pod "k6-bluegreen-level2-downstream-db-slow-vus10-run3" deleted from demo namespace
=== bluegreen_level2_downstream_db_slow_vus10_run4 ===
rollout.argoproj.io "exp-bluegreen" deleted from demo namespace
service "exp-bg-active" deleted from demo namespace
service "exp-bg-preview" deleted from demo namespace
rollout.argoproj.io/exp-bluegreen created
service/exp-bg-active created
service/exp-bg-preview created
Progressing - updated replicas are still becoming available
Healthy
rollout.argoproj.io/exp-bluegreen configured
service/exp-bg-active unchanged
service/exp-bg-preview unchanged
Starting trial: bluegreen_level2_downstream_db_slow_vus10_run4
Progressing - active service cutover pending
Healthy
Trial finished: healthy in 76s
pod "k6-bluegreen-level2-downstream-db-slow-vus10-run4" deleted from demo namespace
=== bluegreen_level2_downstream_db_slow_vus10_run5 ===
rollout.argoproj.io "exp-bluegreen" deleted from demo namespace
service "exp-bg-active" deleted from demo namespace
service "exp-bg-preview" deleted from demo namespace
rollout.argoproj.io/exp-bluegreen created
service/exp-bg-active created
service/exp-bg-preview created
Progressing - updated replicas are still becoming available
Healthy
rollout.argoproj.io/exp-bluegreen configured
service/exp-bg-active unchanged
service/exp-bg-preview unchanged
Starting trial: bluegreen_level2_downstream_db_slow_vus10_run5
Progressing - active service cutover pending
Healthy
Trial finished: healthy in 76s
pod "k6-bluegreen-level2-downstream-db-slow-vus10-run5" deleted from demo namespace
=== bluegreen_level2_downstream_db_slow_vus10_run6 ===
rollout.argoproj.io "exp-bluegreen" deleted from demo namespace
service "exp-bg-active" deleted from demo namespace
service "exp-bg-preview" deleted from demo namespace
rollout.argoproj.io/exp-bluegreen created
service/exp-bg-active created
service/exp-bg-preview created
Progressing - updated replicas are still becoming available
Healthy
rollout.argoproj.io/exp-bluegreen configured
service/exp-bg-active unchanged
service/exp-bg-preview unchanged
Starting trial: bluegreen_level2_downstream_db_slow_vus10_run6
Progressing - active service cutover pending
Healthy
Trial finished: healthy in 80s
pod "k6-bluegreen-level2-downstream-db-slow-vus10-run6" deleted from demo namespace
=== bluegreen_level2_downstream_db_slow_vus10_run7 ===
rollout.argoproj.io "exp-bluegreen" deleted from demo namespace
service "exp-bg-active" deleted from demo namespace
service "exp-bg-preview" deleted from demo namespace
rollout.argoproj.io/exp-bluegreen created
service/exp-bg-active created
service/exp-bg-preview created
Progressing - updated replicas are still becoming available
Healthy
rollout.argoproj.io/exp-bluegreen configured
service/exp-bg-active unchanged
service/exp-bg-preview unchanged
Starting trial: bluegreen_level2_downstream_db_slow_vus10_run7
Progressing - active service cutover pending
Healthy
Trial finished: healthy in 81s
pod "k6-bluegreen-level2-downstream-db-slow-vus10-run7" deleted from demo namespace
=== bluegreen_level2_downstream_db_slow_vus10_run8 ===
rollout.argoproj.io "exp-bluegreen" deleted from demo namespace
service "exp-bg-active" deleted from demo namespace
service "exp-bg-preview" deleted from demo namespace
rollout.argoproj.io/exp-bluegreen created
service/exp-bg-active created
service/exp-bg-preview created
Progressing - updated replicas are still becoming available
Healthy
rollout.argoproj.io/exp-bluegreen configured
service/exp-bg-active unchanged
service/exp-bg-preview unchanged
Starting trial: bluegreen_level2_downstream_db_slow_vus10_run8
Progressing - active service cutover pending
Healthy
Trial finished: healthy in 76s
pod "k6-bluegreen-level2-downstream-db-slow-vus10-run8" deleted from demo namespace
=== bluegreen_level2_downstream_db_slow_vus10_run9 ===
rollout.argoproj.io "exp-bluegreen" deleted from demo namespace
service "exp-bg-active" deleted from demo namespace
service "exp-bg-preview" deleted from demo namespace
rollout.argoproj.io/exp-bluegreen created
service/exp-bg-active created
service/exp-bg-preview created
Progressing - updated replicas are still becoming available
Healthy
rollout.argoproj.io/exp-bluegreen configured
service/exp-bg-active unchanged
service/exp-bg-preview unchanged
Starting trial: bluegreen_level2_downstream_db_slow_vus10_run9
Progressing - active service cutover pending
Healthy
Trial finished: healthy in 75s
pod "k6-bluegreen-level2-downstream-db-slow-vus10-run9" deleted from demo namespace
=== bluegreen_level2_downstream_db_slow_vus10_run10 ===
rollout.argoproj.io "exp-bluegreen" deleted from demo namespace
service "exp-bg-active" deleted from demo namespace
service "exp-bg-preview" deleted from demo namespace
rollout.argoproj.io/exp-bluegreen created
service/exp-bg-active created
service/exp-bg-preview created
Progressing - updated replicas are still becoming available
Healthy
rollout.argoproj.io/exp-bluegreen configured
service/exp-bg-active unchanged
service/exp-bg-preview unchanged
Starting trial: bluegreen_level2_downstream_db_slow_vus10_run10
Progressing - active service cutover pending
Healthy
Trial finished: healthy in 75s
pod "k6-bluegreen-level2-downstream-db-slow-vus10-run10" deleted from demo namespace
=== bluegreen_level2_downstream_db_slow_vus10_run11 ===
rollout.argoproj.io "exp-bluegreen" deleted from demo namespace
service "exp-bg-active" deleted from demo namespace
service "exp-bg-preview" deleted from demo namespace
rollout.argoproj.io/exp-bluegreen created
service/exp-bg-active created
service/exp-bg-preview created
Progressing - updated replicas are still becoming available
Healthy
rollout.argoproj.io/exp-bluegreen configured
service/exp-bg-active unchanged
service/exp-bg-preview unchanged
Starting trial: bluegreen_level2_downstream_db_slow_vus10_run11
Progressing - active service cutover pending
Healthy
Trial finished: healthy in 81s
pod "k6-bluegreen-level2-downstream-db-slow-vus10-run11" deleted from demo namespace
=== bluegreen_level2_downstream_db_slow_vus10_run12 ===
rollout.argoproj.io "exp-bluegreen" deleted from demo namespace
service "exp-bg-active" deleted from demo namespace
service "exp-bg-preview" deleted from demo namespace
rollout.argoproj.io/exp-bluegreen created
service/exp-bg-active created
service/exp-bg-preview created
Progressing - updated replicas are still becoming available
Healthy
rollout.argoproj.io/exp-bluegreen configured
service/exp-bg-active unchanged
service/exp-bg-preview unchanged
Starting trial: bluegreen_level2_downstream_db_slow_vus10_run12
Progressing - active service cutover pending
Healthy
Trial finished: healthy in 81s
pod "k6-bluegreen-level2-downstream-db-slow-vus10-run12" deleted from demo namespace
=== bluegreen_level2_downstream_db_slow_vus10_run13 ===
rollout.argoproj.io "exp-bluegreen" deleted from demo namespace
service "exp-bg-active" deleted from demo namespace
service "exp-bg-preview" deleted from demo namespace
rollout.argoproj.io/exp-bluegreen created
service/exp-bg-active created
service/exp-bg-preview created
Progressing - updated replicas are still becoming available
Healthy
rollout.argoproj.io/exp-bluegreen configured
service/exp-bg-active unchanged
service/exp-bg-preview unchanged
Starting trial: bluegreen_level2_downstream_db_slow_vus10_run13
Progressing - active service cutover pending
Healthy
Trial finished: healthy in 75s
pod "k6-bluegreen-level2-downstream-db-slow-vus10-run13" deleted from demo namespace
=== bluegreen_level2_downstream_db_slow_vus10_run14 ===
rollout.argoproj.io "exp-bluegreen" deleted from demo namespace
service "exp-bg-active" deleted from demo namespace
service "exp-bg-preview" deleted from demo namespace
rollout.argoproj.io/exp-bluegreen created
service/exp-bg-active created
service/exp-bg-preview created
Progressing - updated replicas are still becoming available
Healthy
rollout.argoproj.io/exp-bluegreen configured
service/exp-bg-active unchanged
service/exp-bg-preview unchanged
Starting trial: bluegreen_level2_downstream_db_slow_vus10_run14
Progressing - active service cutover pending
Healthy
Trial finished: healthy in 80s
pod "k6-bluegreen-level2-downstream-db-slow-vus10-run14" deleted from demo namespace
=== bluegreen_level2_downstream_db_slow_vus10_run15 ===
rollout.argoproj.io "exp-bluegreen" deleted from demo namespace
service "exp-bg-active" deleted from demo namespace
service "exp-bg-preview" deleted from demo namespace
rollout.argoproj.io/exp-bluegreen created
service/exp-bg-active created
service/exp-bg-preview created
Progressing - updated replicas are still becoming available
Healthy
rollout.argoproj.io/exp-bluegreen configured
service/exp-bg-active unchanged
service/exp-bg-preview unchanged
Starting trial: bluegreen_level2_downstream_db_slow_vus10_run15
Progressing - active service cutover pending
Healthy
Trial finished: healthy in 76s
pod "k6-bluegreen-level2-downstream-db-slow-vus10-run15" deleted from demo namespace
=== bluegreen_level2_downstream_db_slow_vus10_run16 ===
rollout.argoproj.io "exp-bluegreen" deleted from demo namespace
service "exp-bg-active" deleted from demo namespace
service "exp-bg-preview" deleted from demo namespace
rollout.argoproj.io/exp-bluegreen created
service/exp-bg-active created
service/exp-bg-preview created
Progressing - updated replicas are still becoming available
Healthy
rollout.argoproj.io/exp-bluegreen configured
service/exp-bg-active unchanged
service/exp-bg-preview unchanged
Starting trial: bluegreen_level2_downstream_db_slow_vus10_run16
Progressing - active service cutover pending
Healthy
Trial finished: healthy in 76s
pod "k6-bluegreen-level2-downstream-db-slow-vus10-run16" deleted from demo namespace
=== bluegreen_level2_downstream_db_slow_vus10_run17 ===
rollout.argoproj.io "exp-bluegreen" deleted from demo namespace
service "exp-bg-active" deleted from demo namespace
service "exp-bg-preview" deleted from demo namespace
rollout.argoproj.io/exp-bluegreen created
service/exp-bg-active created
service/exp-bg-preview created
Progressing - updated replicas are still becoming available
Healthy
rollout.argoproj.io/exp-bluegreen configured
service/exp-bg-active unchanged
service/exp-bg-preview unchanged
Starting trial: bluegreen_level2_downstream_db_slow_vus10_run17
Progressing - active service cutover pending
Healthy
Trial finished: healthy in 75s
pod "k6-bluegreen-level2-downstream-db-slow-vus10-run17" deleted from demo namespace
=== bluegreen_level2_downstream_db_slow_vus10_run18 ===
rollout.argoproj.io "exp-bluegreen" deleted from demo namespace
service "exp-bg-active" deleted from demo namespace
service "exp-bg-preview" deleted from demo namespace
rollout.argoproj.io/exp-bluegreen created
service/exp-bg-active created
service/exp-bg-preview created
Progressing - updated replicas are still becoming available
Healthy
rollout.argoproj.io/exp-bluegreen configured
service/exp-bg-active unchanged
service/exp-bg-preview unchanged
Starting trial: bluegreen_level2_downstream_db_slow_vus10_run18
Progressing - active service cutover pending
Healthy
Trial finished: healthy in 75s
pod "k6-bluegreen-level2-downstream-db-slow-vus10-run18" deleted from demo namespace
=== bluegreen_level2_downstream_db_slow_vus10_run19 ===
rollout.argoproj.io "exp-bluegreen" deleted from demo namespace
service "exp-bg-active" deleted from demo namespace
service "exp-bg-preview" deleted from demo namespace
rollout.argoproj.io/exp-bluegreen created
service/exp-bg-active created
service/exp-bg-preview created
Progressing - updated replicas are still becoming available
Healthy
rollout.argoproj.io/exp-bluegreen configured
service/exp-bg-active unchanged
service/exp-bg-preview unchanged
Starting trial: bluegreen_level2_downstream_db_slow_vus10_run19
Progressing - active service cutover pending
Healthy
Trial finished: healthy in 76s
pod "k6-bluegreen-level2-downstream-db-slow-vus10-run19" deleted from demo namespace
=== bluegreen_level2_downstream_db_slow_vus10_run20 ===
rollout.argoproj.io "exp-bluegreen" deleted from demo namespace
service "exp-bg-active" deleted from demo namespace
service "exp-bg-preview" deleted from demo namespace
rollout.argoproj.io/exp-bluegreen created
service/exp-bg-active created
service/exp-bg-preview created
Progressing - updated replicas are still becoming available
Healthy
rollout.argoproj.io/exp-bluegreen configured
service/exp-bg-active unchanged
service/exp-bg-preview unchanged
Starting trial: bluegreen_level2_downstream_db_slow_vus10_run20
Progressing - active service cutover pending
Healthy
Trial finished: healthy in 81s
pod "k6-bluegreen-level2-downstream-db-slow-vus10-run20" deleted from demo namespace
Batch complete: bluegreen_level2
