=== bluegreen_level1_off_vus10_run1 ===
rollout.argoproj.io/exp-bluegreen created
service/exp-bg-active created
service/exp-bg-preview created
Progressing - updated replicas are still becoming available
Healthy
rollout.argoproj.io/exp-bluegreen configured
service/exp-bg-active unchanged
service/exp-bg-preview unchanged
Starting trial: bluegreen_level1_off_vus10_run1
Progressing - active service cutover pending
Healthy
Trial finished: healthy in 1s
pod "k6-bluegreen-level1-off-vus10-run1" deleted from demo namespace
=== bluegreen_level1_off_vus10_run2 ===
rollout.argoproj.io "exp-bluegreen" deleted from demo namespace
service "exp-bg-active" deleted from demo namespace
service "exp-bg-preview" deleted from demo namespace
rollout.argoproj.io/exp-bluegreen created
service/exp-bg-active created
service/exp-bg-preview created
Progressing - updated replicas are still becoming available
Healthy
rollout.argoproj.io/exp-bluegreen configured
service/exp-bg-active unchanged
service/exp-bg-preview unchanged
Starting trial: bluegreen_level1_off_vus10_run2
Progressing - active service cutover pending
Healthy
Trial finished: healthy in 1s
pod "k6-bluegreen-level1-off-vus10-run2" deleted from demo namespace
=== bluegreen_level1_off_vus10_run3 ===
rollout.argoproj.io "exp-bluegreen" deleted from demo namespace
service "exp-bg-active" deleted from demo namespace
service "exp-bg-preview" deleted from demo namespace
rollout.argoproj.io/exp-bluegreen created
service/exp-bg-active created
service/exp-bg-preview created
Progressing - updated replicas are still becoming available
Healthy
rollout.argoproj.io/exp-bluegreen configured
service/exp-bg-active unchanged
service/exp-bg-preview unchanged
Starting trial: bluegreen_level1_off_vus10_run3
Progressing - active service cutover pending
Healthy
Trial finished: healthy in 6s
pod "k6-bluegreen-level1-off-vus10-run3" deleted from demo namespace
=== bluegreen_level1_off_vus10_run4 ===
rollout.argoproj.io "exp-bluegreen" deleted from demo namespace
service "exp-bg-active" deleted from demo namespace
service "exp-bg-preview" deleted from demo namespace
rollout.argoproj.io/exp-bluegreen created
service/exp-bg-active created
service/exp-bg-preview created
Progressing - updated replicas are still becoming available
Healthy
rollout.argoproj.io/exp-bluegreen configured
service/exp-bg-active unchanged
service/exp-bg-preview unchanged
Starting trial: bluegreen_level1_off_vus10_run4
Progressing - active service cutover pending
Healthy
Trial finished: healthy in 1s
pod "k6-bluegreen-level1-off-vus10-run4" deleted from demo namespace
=== bluegreen_level1_off_vus10_run5 ===
rollout.argoproj.io "exp-bluegreen" deleted from demo namespace
service "exp-bg-active" deleted from demo namespace
service "exp-bg-preview" deleted from demo namespace
rollout.argoproj.io/exp-bluegreen created
service/exp-bg-active created
service/exp-bg-preview created
Progressing - updated replicas are still becoming available
Healthy
rollout.argoproj.io/exp-bluegreen configured
service/exp-bg-active unchanged
service/exp-bg-preview unchanged
Starting trial: bluegreen_level1_off_vus10_run5
Progressing - active service cutover pending
Healthy
Trial finished: healthy in 1s
pod "k6-bluegreen-level1-off-vus10-run5" deleted from demo namespace
=== bluegreen_level1_off_vus10_run6 ===
rollout.argoproj.io "exp-bluegreen" deleted from demo namespace
service "exp-bg-active" deleted from demo namespace
service "exp-bg-preview" deleted from demo namespace
rollout.argoproj.io/exp-bluegreen created
service/exp-bg-active created
service/exp-bg-preview created
Progressing - updated replicas are still becoming available
Healthy
rollout.argoproj.io/exp-bluegreen configured
service/exp-bg-active unchanged
service/exp-bg-preview unchanged
Starting trial: bluegreen_level1_off_vus10_run6
Progressing - active service cutover pending
Healthy
Trial finished: healthy in 0s
pod "k6-bluegreen-level1-off-vus10-run6" deleted from demo namespace
=== bluegreen_level1_off_vus10_run7 ===
rollout.argoproj.io "exp-bluegreen" deleted from demo namespace
service "exp-bg-active" deleted from demo namespace
service "exp-bg-preview" deleted from demo namespace
rollout.argoproj.io/exp-bluegreen created
service/exp-bg-active created
service/exp-bg-preview created
Progressing - updated replicas are still becoming available
Healthy
rollout.argoproj.io/exp-bluegreen configured
service/exp-bg-active unchanged
service/exp-bg-preview unchanged
Starting trial: bluegreen_level1_off_vus10_run7
Progressing - active service cutover pending
Healthy
Trial finished: healthy in 0s
pod "k6-bluegreen-level1-off-vus10-run7" deleted from demo namespace
=== bluegreen_level1_off_vus10_run8 ===
rollout.argoproj.io "exp-bluegreen" deleted from demo namespace
service "exp-bg-active" deleted from demo namespace
service "exp-bg-preview" deleted from demo namespace
rollout.argoproj.io/exp-bluegreen created
service/exp-bg-active created
service/exp-bg-preview created
Progressing - updated replicas are still becoming available
Healthy
rollout.argoproj.io/exp-bluegreen configured
service/exp-bg-active unchanged
service/exp-bg-preview unchanged
Starting trial: bluegreen_level1_off_vus10_run8
Progressing - active service cutover pending
Healthy
Trial finished: healthy in 0s
pod "k6-bluegreen-level1-off-vus10-run8" deleted from demo namespace
=== bluegreen_level1_off_vus10_run9 ===
rollout.argoproj.io "exp-bluegreen" deleted from demo namespace
service "exp-bg-active" deleted from demo namespace
service "exp-bg-preview" deleted from demo namespace
rollout.argoproj.io/exp-bluegreen created
service/exp-bg-active created
service/exp-bg-preview created
Progressing - updated replicas are still becoming available
Healthy
rollout.argoproj.io/exp-bluegreen configured
service/exp-bg-active unchanged
service/exp-bg-preview unchanged
Starting trial: bluegreen_level1_off_vus10_run9
Progressing - active service cutover pending
Healthy
Trial finished: healthy in 0s
pod "k6-bluegreen-level1-off-vus10-run9" deleted from demo namespace
=== bluegreen_level1_off_vus10_run10 ===
rollout.argoproj.io "exp-bluegreen" deleted from demo namespace
service "exp-bg-active" deleted from demo namespace
service "exp-bg-preview" deleted from demo namespace
rollout.argoproj.io/exp-bluegreen created
service/exp-bg-active created
service/exp-bg-preview created
Progressing - updated replicas are still becoming available
Healthy
rollout.argoproj.io/exp-bluegreen configured
service/exp-bg-active unchanged
service/exp-bg-preview unchanged
Starting trial: bluegreen_level1_off_vus10_run10
Progressing - active service cutover pending
Healthy
Trial finished: healthy in 0s
pod "k6-bluegreen-level1-off-vus10-run10" deleted from demo namespace
=== bluegreen_level1_off_vus10_run11 ===
rollout.argoproj.io "exp-bluegreen" deleted from demo namespace
service "exp-bg-active" deleted from demo namespace
service "exp-bg-preview" deleted from demo namespace
rollout.argoproj.io/exp-bluegreen created
service/exp-bg-active created
service/exp-bg-preview created
Progressing - updated replicas are still becoming available
Healthy
rollout.argoproj.io/exp-bluegreen configured
service/exp-bg-active unchanged
service/exp-bg-preview unchanged
Starting trial: bluegreen_level1_off_vus10_run11
Progressing - active service cutover pending
Healthy
Trial finished: healthy in 0s
pod "k6-bluegreen-level1-off-vus10-run11" deleted from demo namespace
=== bluegreen_level1_off_vus10_run12 ===
rollout.argoproj.io "exp-bluegreen" deleted from demo namespace
service "exp-bg-active" deleted from demo namespace
service "exp-bg-preview" deleted from demo namespace
rollout.argoproj.io/exp-bluegreen created
service/exp-bg-active created
service/exp-bg-preview created
Progressing - updated replicas are still becoming available
Healthy
rollout.argoproj.io/exp-bluegreen configured
service/exp-bg-active unchanged
service/exp-bg-preview unchanged
Starting trial: bluegreen_level1_off_vus10_run12
Progressing - active service cutover pending
Healthy
Trial finished: healthy in 6s
pod "k6-bluegreen-level1-off-vus10-run12" deleted from demo namespace
=== bluegreen_level1_off_vus10_run13 ===
rollout.argoproj.io "exp-bluegreen" deleted from demo namespace
service "exp-bg-active" deleted from demo namespace
service "exp-bg-preview" deleted from demo namespace
rollout.argoproj.io/exp-bluegreen created
service/exp-bg-active created
service/exp-bg-preview created
Progressing - updated replicas are still becoming available
Healthy
rollout.argoproj.io/exp-bluegreen configured
service/exp-bg-active unchanged
service/exp-bg-preview unchanged
Starting trial: bluegreen_level1_off_vus10_run13
Progressing - active service cutover pending
Healthy
Trial finished: healthy in 1s
pod "k6-bluegreen-level1-off-vus10-run13" deleted from demo namespace
=== bluegreen_level1_off_vus10_run14 ===
rollout.argoproj.io "exp-bluegreen" deleted from demo namespace
service "exp-bg-active" deleted from demo namespace
service "exp-bg-preview" deleted from demo namespace
rollout.argoproj.io/exp-bluegreen created
service/exp-bg-active created
service/exp-bg-preview created
Progressing - updated replicas are still becoming available
Healthy
rollout.argoproj.io/exp-bluegreen configured
service/exp-bg-active unchanged
service/exp-bg-preview unchanged
Starting trial: bluegreen_level1_off_vus10_run14
Progressing - active service cutover pending
Healthy
Trial finished: healthy in 6s
pod "k6-bluegreen-level1-off-vus10-run14" deleted from demo namespace
=== bluegreen_level1_off_vus10_run15 ===
rollout.argoproj.io "exp-bluegreen" deleted from demo namespace
service "exp-bg-active" deleted from demo namespace
service "exp-bg-preview" deleted from demo namespace
rollout.argoproj.io/exp-bluegreen created
service/exp-bg-active created
service/exp-bg-preview created
Progressing - updated replicas are still becoming available
Healthy
rollout.argoproj.io/exp-bluegreen configured
service/exp-bg-active unchanged
service/exp-bg-preview unchanged
Starting trial: bluegreen_level1_off_vus10_run15
Progressing - active service cutover pending
Healthy
Trial finished: healthy in 1s
pod "k6-bluegreen-level1-off-vus10-run15" deleted from demo namespace
=== bluegreen_level1_off_vus10_run16 ===
rollout.argoproj.io "exp-bluegreen" deleted from demo namespace
service "exp-bg-active" deleted from demo namespace
service "exp-bg-preview" deleted from demo namespace
rollout.argoproj.io/exp-bluegreen created
service/exp-bg-active created
service/exp-bg-preview created
Progressing - updated replicas are still becoming available
Healthy
rollout.argoproj.io/exp-bluegreen configured
service/exp-bg-active unchanged
service/exp-bg-preview unchanged
Starting trial: bluegreen_level1_off_vus10_run16
Progressing - active service cutover pending
Healthy
Trial finished: healthy in 1s
pod "k6-bluegreen-level1-off-vus10-run16" deleted from demo namespace
=== bluegreen_level1_off_vus10_run17 ===
rollout.argoproj.io "exp-bluegreen" deleted from demo namespace
service "exp-bg-active" deleted from demo namespace
service "exp-bg-preview" deleted from demo namespace
rollout.argoproj.io/exp-bluegreen created
service/exp-bg-active created
service/exp-bg-preview created
Progressing - updated replicas are still becoming available
Healthy
rollout.argoproj.io/exp-bluegreen configured
service/exp-bg-active unchanged
service/exp-bg-preview unchanged
Starting trial: bluegreen_level1_off_vus10_run17
Progressing - active service cutover pending
Healthy
Trial finished: healthy in 6s
pod "k6-bluegreen-level1-off-vus10-run17" deleted from demo namespace
=== bluegreen_level1_off_vus10_run18 ===
rollout.argoproj.io "exp-bluegreen" deleted from demo namespace
service "exp-bg-active" deleted from demo namespace
service "exp-bg-preview" deleted from demo namespace
rollout.argoproj.io/exp-bluegreen created
service/exp-bg-active created
service/exp-bg-preview created
Progressing - updated replicas are still becoming available
Healthy
rollout.argoproj.io/exp-bluegreen configured
service/exp-bg-active unchanged
service/exp-bg-preview unchanged
Starting trial: bluegreen_level1_off_vus10_run18
Progressing - active service cutover pending
Healthy
Trial finished: healthy in 1s
pod "k6-bluegreen-level1-off-vus10-run18" deleted from demo namespace
=== bluegreen_level1_off_vus10_run19 ===
rollout.argoproj.io "exp-bluegreen" deleted from demo namespace
service "exp-bg-active" deleted from demo namespace
service "exp-bg-preview" deleted from demo namespace
rollout.argoproj.io/exp-bluegreen created
service/exp-bg-active created
service/exp-bg-preview created
Progressing - updated replicas are still becoming available
Healthy
rollout.argoproj.io/exp-bluegreen configured
service/exp-bg-active unchanged
service/exp-bg-preview unchanged
Starting trial: bluegreen_level1_off_vus10_run19
Progressing - active service cutover pending
Healthy
Trial finished: healthy in 1s
pod "k6-bluegreen-level1-off-vus10-run19" deleted from demo namespace
=== bluegreen_level1_off_vus10_run20 ===
rollout.argoproj.io "exp-bluegreen" deleted from demo namespace
service "exp-bg-active" deleted from demo namespace
service "exp-bg-preview" deleted from demo namespace
rollout.argoproj.io/exp-bluegreen created
service/exp-bg-active created
service/exp-bg-preview created
Progressing - updated replicas are still becoming available
Healthy
rollout.argoproj.io/exp-bluegreen configured
service/exp-bg-active unchanged
service/exp-bg-preview unchanged
Starting trial: bluegreen_level1_off_vus10_run20
Progressing - active service cutover pending
Healthy
Trial finished: healthy in 6s
pod "k6-bluegreen-level1-off-vus10-run20" deleted from demo namespace
=== bluegreen_level1_errors_vus10_run1 ===
rollout.argoproj.io "exp-bluegreen" deleted from demo namespace
service "exp-bg-active" deleted from demo namespace
service "exp-bg-preview" deleted from demo namespace
rollout.argoproj.io/exp-bluegreen created
service/exp-bg-active created
service/exp-bg-preview created
Progressing - updated replicas are still becoming available
Healthy
rollout.argoproj.io/exp-bluegreen configured
service/exp-bg-active unchanged
service/exp-bg-preview unchanged
Starting trial: bluegreen_level1_errors_vus10_run1
Progressing - active service cutover pending
Healthy
Trial finished: healthy in 1s
pod "k6-bluegreen-level1-errors-vus10-run1" deleted from demo namespace
=== bluegreen_level1_errors_vus10_run2 ===
rollout.argoproj.io "exp-bluegreen" deleted from demo namespace
service "exp-bg-active" deleted from demo namespace
service "exp-bg-preview" deleted from demo namespace
rollout.argoproj.io/exp-bluegreen created
service/exp-bg-active created
service/exp-bg-preview created
Progressing - updated replicas are still becoming available
Healthy
rollout.argoproj.io/exp-bluegreen configured
service/exp-bg-active unchanged
service/exp-bg-preview unchanged
Starting trial: bluegreen_level1_errors_vus10_run2
Progressing - active service cutover pending
Healthy
Trial finished: healthy in 1s
pod "k6-bluegreen-level1-errors-vus10-run2" deleted from demo namespace
=== bluegreen_level1_errors_vus10_run3 ===
rollout.argoproj.io "exp-bluegreen" deleted from demo namespace
service "exp-bg-active" deleted from demo namespace
service "exp-bg-preview" deleted from demo namespace
rollout.argoproj.io/exp-bluegreen created
service/exp-bg-active created
service/exp-bg-preview created
Progressing - updated replicas are still becoming available
Healthy
rollout.argoproj.io/exp-bluegreen configured
service/exp-bg-active unchanged
service/exp-bg-preview unchanged
Starting trial: bluegreen_level1_errors_vus10_run3
Progressing - active service cutover pending
Healthy
Trial finished: healthy in 0s
pod "k6-bluegreen-level1-errors-vus10-run3" deleted from demo namespace
=== bluegreen_level1_errors_vus10_run4 ===
rollout.argoproj.io "exp-bluegreen" deleted from demo namespace
service "exp-bg-active" deleted from demo namespace
service "exp-bg-preview" deleted from demo namespace
rollout.argoproj.io/exp-bluegreen created
service/exp-bg-active created
service/exp-bg-preview created
Progressing - updated replicas are still becoming available
Healthy
rollout.argoproj.io/exp-bluegreen configured
service/exp-bg-active unchanged
service/exp-bg-preview unchanged
Starting trial: bluegreen_level1_errors_vus10_run4
Progressing - active service cutover pending
Healthy
Trial finished: healthy in 0s
pod "k6-bluegreen-level1-errors-vus10-run4" deleted from demo namespace
=== bluegreen_level1_errors_vus10_run5 ===
rollout.argoproj.io "exp-bluegreen" deleted from demo namespace
service "exp-bg-active" deleted from demo namespace
service "exp-bg-preview" deleted from demo namespace
rollout.argoproj.io/exp-bluegreen created
service/exp-bg-active created
service/exp-bg-preview created
Progressing - updated replicas are still becoming available
Healthy
rollout.argoproj.io/exp-bluegreen configured
service/exp-bg-active unchanged
service/exp-bg-preview unchanged
Starting trial: bluegreen_level1_errors_vus10_run5
Progressing - active service cutover pending
Healthy
Trial finished: healthy in 5s
pod "k6-bluegreen-level1-errors-vus10-run5" deleted from demo namespace
=== bluegreen_level1_errors_vus10_run6 ===
rollout.argoproj.io "exp-bluegreen" deleted from demo namespace
service "exp-bg-active" deleted from demo namespace
service "exp-bg-preview" deleted from demo namespace
rollout.argoproj.io/exp-bluegreen created
service/exp-bg-active created
service/exp-bg-preview created
Progressing - updated replicas are still becoming available
Healthy
rollout.argoproj.io/exp-bluegreen configured
service/exp-bg-active unchanged
service/exp-bg-preview unchanged
Starting trial: bluegreen_level1_errors_vus10_run6
Progressing - active service cutover pending
Healthy
Trial finished: healthy in 0s
pod "k6-bluegreen-level1-errors-vus10-run6" deleted from demo namespace
=== bluegreen_level1_errors_vus10_run7 ===
rollout.argoproj.io "exp-bluegreen" deleted from demo namespace
service "exp-bg-active" deleted from demo namespace
service "exp-bg-preview" deleted from demo namespace
rollout.argoproj.io/exp-bluegreen created
service/exp-bg-active created
service/exp-bg-preview created
Progressing - updated replicas are still becoming available
Healthy
rollout.argoproj.io/exp-bluegreen configured
service/exp-bg-active unchanged
service/exp-bg-preview unchanged
Starting trial: bluegreen_level1_errors_vus10_run7
Progressing - active service cutover pending
Healthy
Trial finished: healthy in 5s
pod "k6-bluegreen-level1-errors-vus10-run7" deleted from demo namespace
=== bluegreen_level1_errors_vus10_run8 ===
rollout.argoproj.io "exp-bluegreen" deleted from demo namespace
service "exp-bg-active" deleted from demo namespace
service "exp-bg-preview" deleted from demo namespace
rollout.argoproj.io/exp-bluegreen created
service/exp-bg-active created
service/exp-bg-preview created
Progressing - updated replicas are still becoming available
Healthy
rollout.argoproj.io/exp-bluegreen configured
service/exp-bg-active unchanged
service/exp-bg-preview unchanged
Starting trial: bluegreen_level1_errors_vus10_run8
Progressing - active service cutover pending
Healthy
Trial finished: healthy in 0s
pod "k6-bluegreen-level1-errors-vus10-run8" deleted from demo namespace
=== bluegreen_level1_errors_vus10_run9 ===
rollout.argoproj.io "exp-bluegreen" deleted from demo namespace
service "exp-bg-active" deleted from demo namespace
service "exp-bg-preview" deleted from demo namespace
rollout.argoproj.io/exp-bluegreen created
service/exp-bg-active created
service/exp-bg-preview created
Progressing - updated replicas are still becoming available
Healthy
rollout.argoproj.io/exp-bluegreen configured
service/exp-bg-active unchanged
service/exp-bg-preview unchanged
Starting trial: bluegreen_level1_errors_vus10_run9
Progressing - active service cutover pending
Healthy
Trial finished: healthy in 1s
pod "k6-bluegreen-level1-errors-vus10-run9" deleted from demo namespace
=== bluegreen_level1_errors_vus10_run10 ===
rollout.argoproj.io "exp-bluegreen" deleted from demo namespace
service "exp-bg-active" deleted from demo namespace
service "exp-bg-preview" deleted from demo namespace
rollout.argoproj.io/exp-bluegreen created
service/exp-bg-active created
service/exp-bg-preview created
Progressing - updated replicas are still becoming available
Healthy
rollout.argoproj.io/exp-bluegreen configured
service/exp-bg-active unchanged
service/exp-bg-preview unchanged
Starting trial: bluegreen_level1_errors_vus10_run10
Progressing - active service cutover pending
Healthy
Trial finished: healthy in 6s
pod "k6-bluegreen-level1-errors-vus10-run10" deleted from demo namespace
=== bluegreen_level1_errors_vus10_run11 ===
rollout.argoproj.io "exp-bluegreen" deleted from demo namespace
service "exp-bg-active" deleted from demo namespace
service "exp-bg-preview" deleted from demo namespace
rollout.argoproj.io/exp-bluegreen created
service/exp-bg-active created
service/exp-bg-preview created
Progressing - updated replicas are still becoming available
Healthy
rollout.argoproj.io/exp-bluegreen configured
service/exp-bg-active unchanged
service/exp-bg-preview unchanged
Starting trial: bluegreen_level1_errors_vus10_run11
Progressing - active service cutover pending
Healthy
Trial finished: healthy in 1s
pod "k6-bluegreen-level1-errors-vus10-run11" deleted from demo namespace
=== bluegreen_level1_errors_vus10_run12 ===
rollout.argoproj.io "exp-bluegreen" deleted from demo namespace
service "exp-bg-active" deleted from demo namespace
service "exp-bg-preview" deleted from demo namespace
rollout.argoproj.io/exp-bluegreen created
service/exp-bg-active created
service/exp-bg-preview created
Progressing - updated replicas are still becoming available
Healthy
rollout.argoproj.io/exp-bluegreen configured
service/exp-bg-active unchanged
service/exp-bg-preview unchanged
Starting trial: bluegreen_level1_errors_vus10_run12
Progressing - active service cutover pending
Healthy
Trial finished: healthy in 1s
pod "k6-bluegreen-level1-errors-vus10-run12" deleted from demo namespace
=== bluegreen_level1_errors_vus10_run13 ===
rollout.argoproj.io "exp-bluegreen" deleted from demo namespace
service "exp-bg-active" deleted from demo namespace
service "exp-bg-preview" deleted from demo namespace
rollout.argoproj.io/exp-bluegreen created
service/exp-bg-active created
service/exp-bg-preview created
Progressing - updated replicas are still becoming available
Healthy
rollout.argoproj.io/exp-bluegreen configured
service/exp-bg-active unchanged
service/exp-bg-preview unchanged
Starting trial: bluegreen_level1_errors_vus10_run13
Progressing - active service cutover pending
Healthy
Trial finished: healthy in 1s
pod "k6-bluegreen-level1-errors-vus10-run13" deleted from demo namespace
=== bluegreen_level1_errors_vus10_run14 ===
rollout.argoproj.io "exp-bluegreen" deleted from demo namespace
service "exp-bg-active" deleted from demo namespace
service "exp-bg-preview" deleted from demo namespace
rollout.argoproj.io/exp-bluegreen created
service/exp-bg-active created
service/exp-bg-preview created
Progressing - updated replicas are still becoming available
Healthy
rollout.argoproj.io/exp-bluegreen configured
service/exp-bg-active unchanged
service/exp-bg-preview unchanged
Starting trial: bluegreen_level1_errors_vus10_run14
Progressing - active service cutover pending
Healthy
Trial finished: healthy in 1s
pod "k6-bluegreen-level1-errors-vus10-run14" deleted from demo namespace
=== bluegreen_level1_errors_vus10_run15 ===
rollout.argoproj.io "exp-bluegreen" deleted from demo namespace
service "exp-bg-active" deleted from demo namespace
service "exp-bg-preview" deleted from demo namespace
rollout.argoproj.io/exp-bluegreen created
service/exp-bg-active created
service/exp-bg-preview created
Progressing - updated replicas are still becoming available
Healthy
rollout.argoproj.io/exp-bluegreen configured
service/exp-bg-active unchanged
service/exp-bg-preview unchanged
Starting trial: bluegreen_level1_errors_vus10_run15
Progressing - active service cutover pending
Healthy
Trial finished: healthy in 6s
pod "k6-bluegreen-level1-errors-vus10-run15" deleted from demo namespace
=== bluegreen_level1_errors_vus10_run16 ===
rollout.argoproj.io "exp-bluegreen" deleted from demo namespace
service "exp-bg-active" deleted from demo namespace
service "exp-bg-preview" deleted from demo namespace
rollout.argoproj.io/exp-bluegreen created
service/exp-bg-active created
service/exp-bg-preview created
Progressing - updated replicas are still becoming available
Healthy
rollout.argoproj.io/exp-bluegreen configured
service/exp-bg-active unchanged
service/exp-bg-preview unchanged
Starting trial: bluegreen_level1_errors_vus10_run16
Progressing - active service cutover pending
Healthy
Trial finished: healthy in 6s
pod "k6-bluegreen-level1-errors-vus10-run16" deleted from demo namespace
=== bluegreen_level1_errors_vus10_run17 ===
rollout.argoproj.io "exp-bluegreen" deleted from demo namespace
service "exp-bg-active" deleted from demo namespace
service "exp-bg-preview" deleted from demo namespace
rollout.argoproj.io/exp-bluegreen created
service/exp-bg-active created
service/exp-bg-preview created
Progressing - updated replicas are still becoming available
Healthy
rollout.argoproj.io/exp-bluegreen configured
service/exp-bg-active unchanged
service/exp-bg-preview unchanged
Starting trial: bluegreen_level1_errors_vus10_run17
Progressing - active service cutover pending
Healthy
Trial finished: healthy in 6s
pod "k6-bluegreen-level1-errors-vus10-run17" deleted from demo namespace
=== bluegreen_level1_errors_vus10_run18 ===
rollout.argoproj.io "exp-bluegreen" deleted from demo namespace
service "exp-bg-active" deleted from demo namespace
service "exp-bg-preview" deleted from demo namespace
rollout.argoproj.io/exp-bluegreen created
service/exp-bg-active created
service/exp-bg-preview created
Progressing - updated replicas are still becoming available
Healthy
rollout.argoproj.io/exp-bluegreen configured
service/exp-bg-active unchanged
service/exp-bg-preview unchanged
Starting trial: bluegreen_level1_errors_vus10_run18
Progressing - active service cutover pending
Healthy
Trial finished: healthy in 1s
pod "k6-bluegreen-level1-errors-vus10-run18" deleted from demo namespace
=== bluegreen_level1_errors_vus10_run19 ===
rollout.argoproj.io "exp-bluegreen" deleted from demo namespace
service "exp-bg-active" deleted from demo namespace
service "exp-bg-preview" deleted from demo namespace
rollout.argoproj.io/exp-bluegreen created
service/exp-bg-active created
service/exp-bg-preview created
Progressing - updated replicas are still becoming available
Healthy
rollout.argoproj.io/exp-bluegreen configured
service/exp-bg-active unchanged
service/exp-bg-preview unchanged
Starting trial: bluegreen_level1_errors_vus10_run19
Progressing - active service cutover pending
Healthy
Trial finished: healthy in 0s
pod "k6-bluegreen-level1-errors-vus10-run19" deleted from demo namespace
=== bluegreen_level1_errors_vus10_run20 ===
rollout.argoproj.io "exp-bluegreen" deleted from demo namespace
service "exp-bg-active" deleted from demo namespace
service "exp-bg-preview" deleted from demo namespace
rollout.argoproj.io/exp-bluegreen created
service/exp-bg-active created
service/exp-bg-preview created
Progressing - updated replicas are still becoming available
Healthy
rollout.argoproj.io/exp-bluegreen configured
service/exp-bg-active unchanged
service/exp-bg-preview unchanged
Starting trial: bluegreen_level1_errors_vus10_run20
Progressing - active service cutover pending
Healthy
Trial finished: healthy in 5s
pod "k6-bluegreen-level1-errors-vus10-run20" deleted from demo namespace
=== bluegreen_level1_latency_vus10_run1 ===
rollout.argoproj.io "exp-bluegreen" deleted from demo namespace
service "exp-bg-active" deleted from demo namespace
service "exp-bg-preview" deleted from demo namespace
rollout.argoproj.io/exp-bluegreen created
service/exp-bg-active created
service/exp-bg-preview created
Progressing - updated replicas are still becoming available
Healthy
rollout.argoproj.io/exp-bluegreen configured
service/exp-bg-active unchanged
service/exp-bg-preview unchanged
Starting trial: bluegreen_level1_latency_vus10_run1
Progressing - active service cutover pending
Healthy
Trial finished: healthy in 0s
pod "k6-bluegreen-level1-latency-vus10-run1" deleted from demo namespace
=== bluegreen_level1_latency_vus10_run2 ===
rollout.argoproj.io "exp-bluegreen" deleted from demo namespace
service "exp-bg-active" deleted from demo namespace
service "exp-bg-preview" deleted from demo namespace
rollout.argoproj.io/exp-bluegreen created
service/exp-bg-active created
service/exp-bg-preview created
Progressing - updated replicas are still becoming available
Healthy
rollout.argoproj.io/exp-bluegreen configured
service/exp-bg-active unchanged
service/exp-bg-preview unchanged
Starting trial: bluegreen_level1_latency_vus10_run2
Progressing - active service cutover pending
Healthy
Trial finished: healthy in 0s
pod "k6-bluegreen-level1-latency-vus10-run2" deleted from demo namespace
=== bluegreen_level1_latency_vus10_run3 ===
rollout.argoproj.io "exp-bluegreen" deleted from demo namespace
service "exp-bg-active" deleted from demo namespace
service "exp-bg-preview" deleted from demo namespace
rollout.argoproj.io/exp-bluegreen created
service/exp-bg-active created
service/exp-bg-preview created
Progressing - updated replicas are still becoming available
Healthy
rollout.argoproj.io/exp-bluegreen configured
service/exp-bg-active unchanged
service/exp-bg-preview unchanged
Starting trial: bluegreen_level1_latency_vus10_run3
Progressing - active service cutover pending
Healthy
Trial finished: healthy in 0s
pod "k6-bluegreen-level1-latency-vus10-run3" deleted from demo namespace
=== bluegreen_level1_latency_vus10_run4 ===
rollout.argoproj.io "exp-bluegreen" deleted from demo namespace
service "exp-bg-active" deleted from demo namespace
service "exp-bg-preview" deleted from demo namespace
rollout.argoproj.io/exp-bluegreen created
service/exp-bg-active created
service/exp-bg-preview created
Progressing - updated replicas are still becoming available
Healthy
rollout.argoproj.io/exp-bluegreen configured
service/exp-bg-active unchanged
service/exp-bg-preview unchanged
Starting trial: bluegreen_level1_latency_vus10_run4
Progressing - active service cutover pending
Healthy
Trial finished: healthy in 5s
pod "k6-bluegreen-level1-latency-vus10-run4" deleted from demo namespace
=== bluegreen_level1_latency_vus10_run5 ===
rollout.argoproj.io "exp-bluegreen" deleted from demo namespace
service "exp-bg-active" deleted from demo namespace
service "exp-bg-preview" deleted from demo namespace
rollout.argoproj.io/exp-bluegreen created
service/exp-bg-active created
service/exp-bg-preview created
Progressing - updated replicas are still becoming available
Healthy
rollout.argoproj.io/exp-bluegreen configured
service/exp-bg-active unchanged
service/exp-bg-preview unchanged
Starting trial: bluegreen_level1_latency_vus10_run5
Progressing - active service cutover pending
Healthy
Trial finished: healthy in 1s
pod "k6-bluegreen-level1-latency-vus10-run5" deleted from demo namespace
=== bluegreen_level1_latency_vus10_run6 ===
rollout.argoproj.io "exp-bluegreen" deleted from demo namespace
service "exp-bg-active" deleted from demo namespace
service "exp-bg-preview" deleted from demo namespace
rollout.argoproj.io/exp-bluegreen created
service/exp-bg-active created
service/exp-bg-preview created
Progressing - updated replicas are still becoming available
Healthy
rollout.argoproj.io/exp-bluegreen configured
service/exp-bg-active unchanged
service/exp-bg-preview unchanged
Starting trial: bluegreen_level1_latency_vus10_run6
Progressing - active service cutover pending
Healthy
Trial finished: healthy in 6s
pod "k6-bluegreen-level1-latency-vus10-run6" deleted from demo namespace
=== bluegreen_level1_latency_vus10_run7 ===
rollout.argoproj.io "exp-bluegreen" deleted from demo namespace
service "exp-bg-active" deleted from demo namespace
service "exp-bg-preview" deleted from demo namespace
rollout.argoproj.io/exp-bluegreen created
service/exp-bg-active created
service/exp-bg-preview created
Progressing - updated replicas are still becoming available
Healthy
rollout.argoproj.io/exp-bluegreen configured
service/exp-bg-active unchanged
service/exp-bg-preview unchanged
Starting trial: bluegreen_level1_latency_vus10_run7
Progressing - active service cutover pending
Healthy
Trial finished: healthy in 1s
pod "k6-bluegreen-level1-latency-vus10-run7" deleted from demo namespace
=== bluegreen_level1_latency_vus10_run8 ===
rollout.argoproj.io "exp-bluegreen" deleted from demo namespace
service "exp-bg-active" deleted from demo namespace
service "exp-bg-preview" deleted from demo namespace
rollout.argoproj.io/exp-bluegreen created
service/exp-bg-active created
service/exp-bg-preview created
Progressing - updated replicas are still becoming available
Healthy
rollout.argoproj.io/exp-bluegreen configured
service/exp-bg-active unchanged
service/exp-bg-preview unchanged
Starting trial: bluegreen_level1_latency_vus10_run8
Progressing - active service cutover pending
Healthy
Trial finished: healthy in 6s
pod "k6-bluegreen-level1-latency-vus10-run8" deleted from demo namespace
=== bluegreen_level1_latency_vus10_run9 ===
rollout.argoproj.io "exp-bluegreen" deleted from demo namespace
service "exp-bg-active" deleted from demo namespace
service "exp-bg-preview" deleted from demo namespace
rollout.argoproj.io/exp-bluegreen created
service/exp-bg-active created
service/exp-bg-preview created
Progressing - updated replicas are still becoming available
Healthy
rollout.argoproj.io/exp-bluegreen configured
service/exp-bg-active unchanged
service/exp-bg-preview unchanged
Starting trial: bluegreen_level1_latency_vus10_run9
Progressing - active service cutover pending
Healthy
Trial finished: healthy in 1s
pod "k6-bluegreen-level1-latency-vus10-run9" deleted from demo namespace
=== bluegreen_level1_latency_vus10_run10 ===
rollout.argoproj.io "exp-bluegreen" deleted from demo namespace
service "exp-bg-active" deleted from demo namespace
service "exp-bg-preview" deleted from demo namespace
rollout.argoproj.io/exp-bluegreen created
service/exp-bg-active created
service/exp-bg-preview created
Progressing - updated replicas are still becoming available
Healthy
rollout.argoproj.io/exp-bluegreen configured
service/exp-bg-active unchanged
service/exp-bg-preview unchanged
Starting trial: bluegreen_level1_latency_vus10_run10
Progressing - active service cutover pending
Healthy
Trial finished: healthy in 1s
pod "k6-bluegreen-level1-latency-vus10-run10" deleted from demo namespace
=== bluegreen_level1_latency_vus10_run11 ===
rollout.argoproj.io "exp-bluegreen" deleted from demo namespace
service "exp-bg-active" deleted from demo namespace
service "exp-bg-preview" deleted from demo namespace
rollout.argoproj.io/exp-bluegreen created
service/exp-bg-active created
service/exp-bg-preview created
Progressing - updated replicas are still becoming available
Healthy
rollout.argoproj.io/exp-bluegreen configured
service/exp-bg-active unchanged
service/exp-bg-preview unchanged
Starting trial: bluegreen_level1_latency_vus10_run11
Progressing - active service cutover pending
Healthy
Trial finished: healthy in 1s
pod "k6-bluegreen-level1-latency-vus10-run11" deleted from demo namespace
=== bluegreen_level1_latency_vus10_run12 ===
rollout.argoproj.io "exp-bluegreen" deleted from demo namespace
service "exp-bg-active" deleted from demo namespace
service "exp-bg-preview" deleted from demo namespace
rollout.argoproj.io/exp-bluegreen created
service/exp-bg-active created
service/exp-bg-preview created
Progressing - updated replicas are still becoming available
Healthy
rollout.argoproj.io/exp-bluegreen configured
service/exp-bg-active unchanged
service/exp-bg-preview unchanged
Starting trial: bluegreen_level1_latency_vus10_run12
Progressing - active service cutover pending
Healthy
Trial finished: healthy in 6s
pod "k6-bluegreen-level1-latency-vus10-run12" deleted from demo namespace
=== bluegreen_level1_latency_vus10_run13 ===
rollout.argoproj.io "exp-bluegreen" deleted from demo namespace
service "exp-bg-active" deleted from demo namespace
service "exp-bg-preview" deleted from demo namespace
rollout.argoproj.io/exp-bluegreen created
service/exp-bg-active created
service/exp-bg-preview created
Progressing - updated replicas are still becoming available
Healthy
rollout.argoproj.io/exp-bluegreen configured
service/exp-bg-active unchanged
service/exp-bg-preview unchanged
Starting trial: bluegreen_level1_latency_vus10_run13
Progressing - active service cutover pending
Healthy
Trial finished: healthy in 6s
pod "k6-bluegreen-level1-latency-vus10-run13" deleted from demo namespace
=== bluegreen_level1_latency_vus10_run14 ===
rollout.argoproj.io "exp-bluegreen" deleted from demo namespace
service "exp-bg-active" deleted from demo namespace
service "exp-bg-preview" deleted from demo namespace
rollout.argoproj.io/exp-bluegreen created
service/exp-bg-active created
service/exp-bg-preview created
Progressing - updated replicas are still becoming available
Healthy
rollout.argoproj.io/exp-bluegreen configured
service/exp-bg-active unchanged
service/exp-bg-preview unchanged
Starting trial: bluegreen_level1_latency_vus10_run14
Progressing - active service cutover pending
Healthy
Trial finished: healthy in 1s
pod "k6-bluegreen-level1-latency-vus10-run14" deleted from demo namespace
=== bluegreen_level1_latency_vus10_run15 ===
rollout.argoproj.io "exp-bluegreen" deleted from demo namespace
service "exp-bg-active" deleted from demo namespace
service "exp-bg-preview" deleted from demo namespace
rollout.argoproj.io/exp-bluegreen created
service/exp-bg-active created
service/exp-bg-preview created
Progressing - updated replicas are still becoming available
Healthy
rollout.argoproj.io/exp-bluegreen configured
service/exp-bg-active unchanged
service/exp-bg-preview unchanged
Starting trial: bluegreen_level1_latency_vus10_run15
Progressing - active service cutover pending
Healthy
Trial finished: healthy in 0s
pod "k6-bluegreen-level1-latency-vus10-run15" deleted from demo namespace
=== bluegreen_level1_latency_vus10_run16 ===
rollout.argoproj.io "exp-bluegreen" deleted from demo namespace
service "exp-bg-active" deleted from demo namespace
service "exp-bg-preview" deleted from demo namespace
rollout.argoproj.io/exp-bluegreen created
service/exp-bg-active created
service/exp-bg-preview created
Progressing - updated replicas are still becoming available
Healthy
rollout.argoproj.io/exp-bluegreen configured
service/exp-bg-active unchanged
service/exp-bg-preview unchanged
Starting trial: bluegreen_level1_latency_vus10_run16
Progressing - active service cutover pending
Healthy
Trial finished: healthy in 0s
pod "k6-bluegreen-level1-latency-vus10-run16" deleted from demo namespace
=== bluegreen_level1_latency_vus10_run17 ===
rollout.argoproj.io "exp-bluegreen" deleted from demo namespace
service "exp-bg-active" deleted from demo namespace
service "exp-bg-preview" deleted from demo namespace
rollout.argoproj.io/exp-bluegreen created
service/exp-bg-active created
service/exp-bg-preview created
Progressing - updated replicas are still becoming available
Healthy
rollout.argoproj.io/exp-bluegreen configured
service/exp-bg-active unchanged
service/exp-bg-preview unchanged
Starting trial: bluegreen_level1_latency_vus10_run17
Progressing - active service cutover pending
Healthy
Trial finished: healthy in 0s
pod "k6-bluegreen-level1-latency-vus10-run17" deleted from demo namespace
=== bluegreen_level1_latency_vus10_run18 ===
rollout.argoproj.io "exp-bluegreen" deleted from demo namespace
service "exp-bg-active" deleted from demo namespace
service "exp-bg-preview" deleted from demo namespace
rollout.argoproj.io/exp-bluegreen created
service/exp-bg-active created
service/exp-bg-preview created
Progressing - updated replicas are still becoming available
Healthy
rollout.argoproj.io/exp-bluegreen configured
service/exp-bg-active unchanged
service/exp-bg-preview unchanged
Starting trial: bluegreen_level1_latency_vus10_run18
Progressing - active service cutover pending
Healthy
Trial finished: healthy in 5s
pod "k6-bluegreen-level1-latency-vus10-run18" deleted from demo namespace
=== bluegreen_level1_latency_vus10_run19 ===
rollout.argoproj.io "exp-bluegreen" deleted from demo namespace
service "exp-bg-active" deleted from demo namespace
service "exp-bg-preview" deleted from demo namespace
rollout.argoproj.io/exp-bluegreen created
service/exp-bg-active created
service/exp-bg-preview created
Progressing - updated replicas are still becoming available
Healthy
rollout.argoproj.io/exp-bluegreen configured
service/exp-bg-active unchanged
service/exp-bg-preview unchanged
Starting trial: bluegreen_level1_latency_vus10_run19
Progressing - active service cutover pending
Healthy
Trial finished: healthy in 0s
pod "k6-bluegreen-level1-latency-vus10-run19" deleted from demo namespace
=== bluegreen_level1_latency_vus10_run20 ===
rollout.argoproj.io "exp-bluegreen" deleted from demo namespace
service "exp-bg-active" deleted from demo namespace
service "exp-bg-preview" deleted from demo namespace
rollout.argoproj.io/exp-bluegreen created
service/exp-bg-active created
service/exp-bg-preview created
Progressing - updated replicas are still becoming available
Healthy
rollout.argoproj.io/exp-bluegreen configured
service/exp-bg-active unchanged
service/exp-bg-preview unchanged
Starting trial: bluegreen_level1_latency_vus10_run20
Progressing - active service cutover pending
Healthy
Trial finished: healthy in 5s
pod "k6-bluegreen-level1-latency-vus10-run20" deleted from demo namespace
=== bluegreen_level1_memory_leak_vus10_run1 ===
rollout.argoproj.io "exp-bluegreen" deleted from demo namespace
service "exp-bg-active" deleted from demo namespace
service "exp-bg-preview" deleted from demo namespace
rollout.argoproj.io/exp-bluegreen created
service/exp-bg-active created
service/exp-bg-preview created
Progressing - updated replicas are still becoming available
Healthy
rollout.argoproj.io/exp-bluegreen configured
service/exp-bg-active unchanged
service/exp-bg-preview unchanged
Starting trial: bluegreen_level1_memory_leak_vus10_run1
Progressing - active service cutover pending
Healthy
Trial finished: healthy in 1s
pod "k6-bluegreen-level1-memory-leak-vus10-run1" deleted from demo namespace
=== bluegreen_level1_memory_leak_vus10_run2 ===
rollout.argoproj.io "exp-bluegreen" deleted from demo namespace
service "exp-bg-active" deleted from demo namespace
service "exp-bg-preview" deleted from demo namespace
rollout.argoproj.io/exp-bluegreen created
service/exp-bg-active created
service/exp-bg-preview created
Progressing - updated replicas are still becoming available
Healthy
rollout.argoproj.io/exp-bluegreen configured
service/exp-bg-active unchanged
service/exp-bg-preview unchanged
Starting trial: bluegreen_level1_memory_leak_vus10_run2
Progressing - active service cutover pending
Healthy
Trial finished: healthy in 1s
pod "k6-bluegreen-level1-memory-leak-vus10-run2" deleted from demo namespace
=== bluegreen_level1_memory_leak_vus10_run3 ===
rollout.argoproj.io "exp-bluegreen" deleted from demo namespace
service "exp-bg-active" deleted from demo namespace
service "exp-bg-preview" deleted from demo namespace
rollout.argoproj.io/exp-bluegreen created
service/exp-bg-active created
service/exp-bg-preview created
Progressing - updated replicas are still becoming available
Healthy
rollout.argoproj.io/exp-bluegreen configured
service/exp-bg-active unchanged
service/exp-bg-preview unchanged
Starting trial: bluegreen_level1_memory_leak_vus10_run3
Progressing - active service cutover pending
Healthy
Trial finished: healthy in 1s
pod "k6-bluegreen-level1-memory-leak-vus10-run3" deleted from demo namespace
=== bluegreen_level1_memory_leak_vus10_run4 ===
rollout.argoproj.io "exp-bluegreen" deleted from demo namespace
service "exp-bg-active" deleted from demo namespace
service "exp-bg-preview" deleted from demo namespace
rollout.argoproj.io/exp-bluegreen created
service/exp-bg-active created
service/exp-bg-preview created
Progressing - updated replicas are still becoming available
Healthy
rollout.argoproj.io/exp-bluegreen configured
service/exp-bg-active unchanged
service/exp-bg-preview unchanged
Starting trial: bluegreen_level1_memory_leak_vus10_run4
Progressing - active service cutover pending
Healthy
Trial finished: healthy in 1s
pod "k6-bluegreen-level1-memory-leak-vus10-run4" deleted from demo namespace
=== bluegreen_level1_memory_leak_vus10_run5 ===
rollout.argoproj.io "exp-bluegreen" deleted from demo namespace
service "exp-bg-active" deleted from demo namespace
service "exp-bg-preview" deleted from demo namespace
rollout.argoproj.io/exp-bluegreen created
service/exp-bg-active created
service/exp-bg-preview created
Progressing - updated replicas are still becoming available
Healthy
rollout.argoproj.io/exp-bluegreen configured
service/exp-bg-active unchanged
service/exp-bg-preview unchanged
Starting trial: bluegreen_level1_memory_leak_vus10_run5
Progressing - active service cutover pending
Healthy
Trial finished: healthy in 1s
pod "k6-bluegreen-level1-memory-leak-vus10-run5" deleted from demo namespace
=== bluegreen_level1_memory_leak_vus10_run6 ===
rollout.argoproj.io "exp-bluegreen" deleted from demo namespace
service "exp-bg-active" deleted from demo namespace
service "exp-bg-preview" deleted from demo namespace
rollout.argoproj.io/exp-bluegreen created
service/exp-bg-active created
service/exp-bg-preview created
Progressing - updated replicas are still becoming available
Healthy
rollout.argoproj.io/exp-bluegreen configured
service/exp-bg-active unchanged
service/exp-bg-preview unchanged
Starting trial: bluegreen_level1_memory_leak_vus10_run6
Progressing - active service cutover pending
Healthy
Trial finished: healthy in 6s
pod "k6-bluegreen-level1-memory-leak-vus10-run6" deleted from demo namespace
=== bluegreen_level1_memory_leak_vus10_run7 ===
rollout.argoproj.io "exp-bluegreen" deleted from demo namespace
service "exp-bg-active" deleted from demo namespace
service "exp-bg-preview" deleted from demo namespace
rollout.argoproj.io/exp-bluegreen created
service/exp-bg-active created
service/exp-bg-preview created
Progressing - updated replicas are still becoming available
Healthy
rollout.argoproj.io/exp-bluegreen configured
service/exp-bg-active unchanged
service/exp-bg-preview unchanged
Starting trial: bluegreen_level1_memory_leak_vus10_run7
Progressing - active service cutover pending
Healthy
Trial finished: healthy in 6s
pod "k6-bluegreen-level1-memory-leak-vus10-run7" deleted from demo namespace
=== bluegreen_level1_memory_leak_vus10_run8 ===
rollout.argoproj.io "exp-bluegreen" deleted from demo namespace
service "exp-bg-active" deleted from demo namespace
service "exp-bg-preview" deleted from demo namespace
rollout.argoproj.io/exp-bluegreen created
service/exp-bg-active created
service/exp-bg-preview created
Progressing - updated replicas are still becoming available
Healthy
rollout.argoproj.io/exp-bluegreen configured
service/exp-bg-active unchanged
service/exp-bg-preview unchanged
Starting trial: bluegreen_level1_memory_leak_vus10_run8
Progressing - active service cutover pending
Healthy
Trial finished: healthy in 6s
pod "k6-bluegreen-level1-memory-leak-vus10-run8" deleted from demo namespace
=== bluegreen_level1_memory_leak_vus10_run9 ===
rollout.argoproj.io "exp-bluegreen" deleted from demo namespace
service "exp-bg-active" deleted from demo namespace
service "exp-bg-preview" deleted from demo namespace
rollout.argoproj.io/exp-bluegreen created
service/exp-bg-active created
service/exp-bg-preview created
Progressing - updated replicas are still becoming available
Healthy
rollout.argoproj.io/exp-bluegreen configured
service/exp-bg-active unchanged
service/exp-bg-preview unchanged
Starting trial: bluegreen_level1_memory_leak_vus10_run9
Progressing - active service cutover pending
Healthy
Trial finished: healthy in 6s
pod "k6-bluegreen-level1-memory-leak-vus10-run9" deleted from demo namespace
=== bluegreen_level1_memory_leak_vus10_run10 ===
rollout.argoproj.io "exp-bluegreen" deleted from demo namespace
service "exp-bg-active" deleted from demo namespace
service "exp-bg-preview" deleted from demo namespace
rollout.argoproj.io/exp-bluegreen created
service/exp-bg-active created
service/exp-bg-preview created
Progressing - updated replicas are still becoming available
Healthy
rollout.argoproj.io/exp-bluegreen configured
service/exp-bg-active unchanged
service/exp-bg-preview unchanged
Starting trial: bluegreen_level1_memory_leak_vus10_run10
Progressing - active service cutover pending
Healthy
Trial finished: healthy in 5s
pod "k6-bluegreen-level1-memory-leak-vus10-run10" deleted from demo namespace
=== bluegreen_level1_memory_leak_vus10_run11 ===
rollout.argoproj.io "exp-bluegreen" deleted from demo namespace
service "exp-bg-active" deleted from demo namespace
service "exp-bg-preview" deleted from demo namespace
rollout.argoproj.io/exp-bluegreen created
service/exp-bg-active created
service/exp-bg-preview created
Progressing - updated replicas are still becoming available
Healthy
rollout.argoproj.io/exp-bluegreen configured
service/exp-bg-active unchanged
service/exp-bg-preview unchanged
Starting trial: bluegreen_level1_memory_leak_vus10_run11
Progressing - active service cutover pending
Healthy
Trial finished: healthy in 0s
pod "k6-bluegreen-level1-memory-leak-vus10-run11" deleted from demo namespace
=== bluegreen_level1_memory_leak_vus10_run12 ===
rollout.argoproj.io "exp-bluegreen" deleted from demo namespace
service "exp-bg-active" deleted from demo namespace
service "exp-bg-preview" deleted from demo namespace
rollout.argoproj.io/exp-bluegreen created
service/exp-bg-active created
service/exp-bg-preview created
Progressing - updated replicas are still becoming available
Healthy
rollout.argoproj.io/exp-bluegreen configured
service/exp-bg-active unchanged
service/exp-bg-preview unchanged
Starting trial: bluegreen_level1_memory_leak_vus10_run12
Progressing - active service cutover pending
Healthy
Trial finished: healthy in 5s
pod "k6-bluegreen-level1-memory-leak-vus10-run12" deleted from demo namespace
=== bluegreen_level1_memory_leak_vus10_run13 ===
rollout.argoproj.io "exp-bluegreen" deleted from demo namespace
service "exp-bg-active" deleted from demo namespace
service "exp-bg-preview" deleted from demo namespace
rollout.argoproj.io/exp-bluegreen created
service/exp-bg-active created
service/exp-bg-preview created
Progressing - updated replicas are still becoming available
Healthy
rollout.argoproj.io/exp-bluegreen configured
service/exp-bg-active unchanged
service/exp-bg-preview unchanged
Starting trial: bluegreen_level1_memory_leak_vus10_run13
Progressing - active service cutover pending
Healthy
Trial finished: healthy in 0s
pod "k6-bluegreen-level1-memory-leak-vus10-run13" deleted from demo namespace
=== bluegreen_level1_memory_leak_vus10_run14 ===
rollout.argoproj.io "exp-bluegreen" deleted from demo namespace
service "exp-bg-active" deleted from demo namespace
service "exp-bg-preview" deleted from demo namespace
rollout.argoproj.io/exp-bluegreen created
service/exp-bg-active created
service/exp-bg-preview created
Progressing - updated replicas are still becoming available
Healthy
rollout.argoproj.io/exp-bluegreen configured
service/exp-bg-active unchanged
service/exp-bg-preview unchanged
Starting trial: bluegreen_level1_memory_leak_vus10_run14
Progressing - active service cutover pending
Healthy
Trial finished: healthy in 0s
pod "k6-bluegreen-level1-memory-leak-vus10-run14" deleted from demo namespace
=== bluegreen_level1_memory_leak_vus10_run15 ===
rollout.argoproj.io "exp-bluegreen" deleted from demo namespace
service "exp-bg-active" deleted from demo namespace
service "exp-bg-preview" deleted from demo namespace
rollout.argoproj.io/exp-bluegreen created
service/exp-bg-active created
service/exp-bg-preview created
Progressing - updated replicas are still becoming available
Healthy
rollout.argoproj.io/exp-bluegreen configured
service/exp-bg-active unchanged
service/exp-bg-preview unchanged
Starting trial: bluegreen_level1_memory_leak_vus10_run15
Progressing - active service cutover pending
Healthy
Trial finished: healthy in 5s
pod "k6-bluegreen-level1-memory-leak-vus10-run15" deleted from demo namespace
=== bluegreen_level1_memory_leak_vus10_run16 ===
rollout.argoproj.io "exp-bluegreen" deleted from demo namespace
service "exp-bg-active" deleted from demo namespace
service "exp-bg-preview" deleted from demo namespace
rollout.argoproj.io/exp-bluegreen created
service/exp-bg-active created
service/exp-bg-preview created
Progressing - updated replicas are still becoming available
Healthy
rollout.argoproj.io/exp-bluegreen configured
service/exp-bg-active unchanged
service/exp-bg-preview unchanged
Starting trial: bluegreen_level1_memory_leak_vus10_run16
Progressing - active service cutover pending
Healthy
Trial finished: healthy in 0s
pod "k6-bluegreen-level1-memory-leak-vus10-run16" deleted from demo namespace
=== bluegreen_level1_memory_leak_vus10_run17 ===
rollout.argoproj.io "exp-bluegreen" deleted from demo namespace
service "exp-bg-active" deleted from demo namespace
service "exp-bg-preview" deleted from demo namespace
rollout.argoproj.io/exp-bluegreen created
service/exp-bg-active created
service/exp-bg-preview created
Progressing - updated replicas are still becoming available
Healthy
rollout.argoproj.io/exp-bluegreen configured
service/exp-bg-active unchanged
service/exp-bg-preview unchanged
Starting trial: bluegreen_level1_memory_leak_vus10_run17
Progressing - active service cutover pending
Healthy
Trial finished: healthy in 1s
pod "k6-bluegreen-level1-memory-leak-vus10-run17" deleted from demo namespace
=== bluegreen_level1_memory_leak_vus10_run18 ===
rollout.argoproj.io "exp-bluegreen" deleted from demo namespace
service "exp-bg-active" deleted from demo namespace
service "exp-bg-preview" deleted from demo namespace
rollout.argoproj.io/exp-bluegreen created
service/exp-bg-active created
service/exp-bg-preview created
Progressing - updated replicas are still becoming available
Healthy
rollout.argoproj.io/exp-bluegreen configured
service/exp-bg-active unchanged
service/exp-bg-preview unchanged
Starting trial: bluegreen_level1_memory_leak_vus10_run18
Progressing - active service cutover pending
Healthy
Trial finished: healthy in 1s
pod "k6-bluegreen-level1-memory-leak-vus10-run18" deleted from demo namespace
=== bluegreen_level1_memory_leak_vus10_run19 ===
rollout.argoproj.io "exp-bluegreen" deleted from demo namespace
service "exp-bg-active" deleted from demo namespace
service "exp-bg-preview" deleted from demo namespace
rollout.argoproj.io/exp-bluegreen created
service/exp-bg-active created
service/exp-bg-preview created
Progressing - updated replicas are still becoming available
Healthy
rollout.argoproj.io/exp-bluegreen configured
service/exp-bg-active unchanged
service/exp-bg-preview unchanged
Starting trial: bluegreen_level1_memory_leak_vus10_run19
Progressing - active service cutover pending
Healthy
Trial finished: healthy in 6s
pod "k6-bluegreen-level1-memory-leak-vus10-run19" deleted from demo namespace
=== bluegreen_level1_memory_leak_vus10_run20 ===
rollout.argoproj.io "exp-bluegreen" deleted from demo namespace
service "exp-bg-active" deleted from demo namespace
service "exp-bg-preview" deleted from demo namespace
rollout.argoproj.io/exp-bluegreen created
service/exp-bg-active created
service/exp-bg-preview created
Progressing - updated replicas are still becoming available
Healthy
rollout.argoproj.io/exp-bluegreen configured
service/exp-bg-active unchanged
service/exp-bg-preview unchanged
Starting trial: bluegreen_level1_memory_leak_vus10_run20
Progressing - active service cutover pending
Healthy
Trial finished: healthy in 1s
pod "k6-bluegreen-level1-memory-leak-vus10-run20" deleted from demo namespace
=== bluegreen_level1_crash_loop_vus10_run1 ===
rollout.argoproj.io "exp-bluegreen" deleted from demo namespace
service "exp-bg-active" deleted from demo namespace
service "exp-bg-preview" deleted from demo namespace
rollout.argoproj.io/exp-bluegreen created
service/exp-bg-active created
service/exp-bg-preview created
Progressing - updated replicas are still becoming available
Healthy
rollout.argoproj.io/exp-bluegreen configured
service/exp-bg-active unchanged
service/exp-bg-preview unchanged
Starting trial: bluegreen_level1_crash_loop_vus10_run1
Progressing - active service cutover pending
Healthy
Trial finished: healthy in 116s
pod "k6-bluegreen-level1-crash-loop-vus10-run1" deleted from demo namespace
=== bluegreen_level1_crash_loop_vus10_run2 ===
rollout.argoproj.io "exp-bluegreen" deleted from demo namespace
service "exp-bg-active" deleted from demo namespace
service "exp-bg-preview" deleted from demo namespace
rollout.argoproj.io/exp-bluegreen created
service/exp-bg-active created
service/exp-bg-preview created
Progressing - updated replicas are still becoming available
Healthy
rollout.argoproj.io/exp-bluegreen configured
service/exp-bg-active unchanged
service/exp-bg-preview unchanged
Starting trial: bluegreen_level1_crash_loop_vus10_run2
Progressing - active service cutover pending
Healthy
Trial finished: healthy in 0s
pod "k6-bluegreen-level1-crash-loop-vus10-run2" deleted from demo namespace
=== bluegreen_level1_crash_loop_vus10_run3 ===
rollout.argoproj.io "exp-bluegreen" deleted from demo namespace
service "exp-bg-active" deleted from demo namespace
service "exp-bg-preview" deleted from demo namespace
rollout.argoproj.io/exp-bluegreen created
service/exp-bg-active created
service/exp-bg-preview created
Progressing - updated replicas are still becoming available
Healthy
rollout.argoproj.io/exp-bluegreen configured
service/exp-bg-active unchanged
service/exp-bg-preview unchanged
Starting trial: bluegreen_level1_crash_loop_vus10_run3
Progressing - active service cutover pending
Healthy
Trial finished: healthy in 115s
pod "k6-bluegreen-level1-crash-loop-vus10-run3" deleted from demo namespace
=== bluegreen_level1_crash_loop_vus10_run4 ===
rollout.argoproj.io "exp-bluegreen" deleted from demo namespace
service "exp-bg-active" deleted from demo namespace
service "exp-bg-preview" deleted from demo namespace
rollout.argoproj.io/exp-bluegreen created
service/exp-bg-active created
service/exp-bg-preview created
Progressing - updated replicas are still becoming available
Healthy
rollout.argoproj.io/exp-bluegreen configured
service/exp-bg-active unchanged
service/exp-bg-preview unchanged
Starting trial: bluegreen_level1_crash_loop_vus10_run4
Progressing - active service cutover pending
Healthy
Trial finished: healthy in 1s
pod "k6-bluegreen-level1-crash-loop-vus10-run4" deleted from demo namespace
=== bluegreen_level1_crash_loop_vus10_run5 ===
rollout.argoproj.io "exp-bluegreen" deleted from demo namespace
service "exp-bg-active" deleted from demo namespace
service "exp-bg-preview" deleted from demo namespace
rollout.argoproj.io/exp-bluegreen created
service/exp-bg-active created
service/exp-bg-preview created
Progressing - updated replicas are still becoming available
Healthy
rollout.argoproj.io/exp-bluegreen configured
service/exp-bg-active unchanged
service/exp-bg-preview unchanged
Starting trial: bluegreen_level1_crash_loop_vus10_run5
Progressing - active service cutover pending
Healthy
Trial finished: healthy in 111s
pod "k6-bluegreen-level1-crash-loop-vus10-run5" deleted from demo namespace
=== bluegreen_level1_crash_loop_vus10_run6 ===
rollout.argoproj.io "exp-bluegreen" deleted from demo namespace
service "exp-bg-active" deleted from demo namespace
service "exp-bg-preview" deleted from demo namespace
rollout.argoproj.io/exp-bluegreen created
service/exp-bg-active created
service/exp-bg-preview created
Progressing - updated replicas are still becoming available
Healthy
rollout.argoproj.io/exp-bluegreen configured
service/exp-bg-active unchanged
service/exp-bg-preview unchanged
Starting trial: bluegreen_level1_crash_loop_vus10_run6
Progressing - active service cutover pending
Healthy
Trial finished: healthy in 1s
pod "k6-bluegreen-level1-crash-loop-vus10-run6" deleted from demo namespace
=== bluegreen_level1_crash_loop_vus10_run7 ===
rollout.argoproj.io "exp-bluegreen" deleted from demo namespace
service "exp-bg-active" deleted from demo namespace
service "exp-bg-preview" deleted from demo namespace
rollout.argoproj.io/exp-bluegreen created
service/exp-bg-active created
service/exp-bg-preview created
Progressing - updated replicas are still becoming available
Healthy
rollout.argoproj.io/exp-bluegreen configured
service/exp-bg-active unchanged
service/exp-bg-preview unchanged
Starting trial: bluegreen_level1_crash_loop_vus10_run7
Progressing - active service cutover pending
Healthy
Trial finished: healthy in 0s
pod "k6-bluegreen-level1-crash-loop-vus10-run7" deleted from demo namespace
=== bluegreen_level1_crash_loop_vus10_run8 ===
rollout.argoproj.io "exp-bluegreen" deleted from demo namespace
service "exp-bg-active" deleted from demo namespace
service "exp-bg-preview" deleted from demo namespace
rollout.argoproj.io/exp-bluegreen created
service/exp-bg-active created
service/exp-bg-preview created
Progressing - updated replicas are still becoming available
Healthy
rollout.argoproj.io/exp-bluegreen configured
service/exp-bg-active unchanged
service/exp-bg-preview unchanged
Starting trial: bluegreen_level1_crash_loop_vus10_run8
Progressing - active service cutover pending
Healthy
Trial finished: healthy in 1s
pod "k6-bluegreen-level1-crash-loop-vus10-run8" deleted from demo namespace
=== bluegreen_level1_crash_loop_vus10_run9 ===
rollout.argoproj.io "exp-bluegreen" deleted from demo namespace
service "exp-bg-active" deleted from demo namespace
service "exp-bg-preview" deleted from demo namespace
rollout.argoproj.io/exp-bluegreen created
service/exp-bg-active created
service/exp-bg-preview created
Progressing - updated replicas are still becoming available
Healthy
rollout.argoproj.io/exp-bluegreen configured
service/exp-bg-active unchanged
service/exp-bg-preview unchanged
Starting trial: bluegreen_level1_crash_loop_vus10_run9
Progressing - active service cutover pending
Healthy
Trial finished: healthy in 0s
pod "k6-bluegreen-level1-crash-loop-vus10-run9" deleted from demo namespace
=== bluegreen_level1_crash_loop_vus10_run10 ===
rollout.argoproj.io "exp-bluegreen" deleted from demo namespace
service "exp-bg-active" deleted from demo namespace
service "exp-bg-preview" deleted from demo namespace
rollout.argoproj.io/exp-bluegreen created
service/exp-bg-active created
service/exp-bg-preview created
Progressing - updated replicas are still becoming available
Healthy
rollout.argoproj.io/exp-bluegreen configured
service/exp-bg-active unchanged
service/exp-bg-preview unchanged
Starting trial: bluegreen_level1_crash_loop_vus10_run10
Progressing - active service cutover pending
Healthy
Trial finished: healthy in 0s
pod "k6-bluegreen-level1-crash-loop-vus10-run10" deleted from demo namespace
=== bluegreen_level1_crash_loop_vus10_run11 ===
rollout.argoproj.io "exp-bluegreen" deleted from demo namespace
service "exp-bg-active" deleted from demo namespace
service "exp-bg-preview" deleted from demo namespace
rollout.argoproj.io/exp-bluegreen created
service/exp-bg-active created
service/exp-bg-preview created
Progressing - updated replicas are still becoming available
Healthy
rollout.argoproj.io/exp-bluegreen configured
service/exp-bg-active unchanged
service/exp-bg-preview unchanged
Starting trial: bluegreen_level1_crash_loop_vus10_run11
Progressing - active service cutover pending
Healthy
Trial finished: healthy in 0s
pod "k6-bluegreen-level1-crash-loop-vus10-run11" deleted from demo namespace
=== bluegreen_level1_crash_loop_vus10_run12 ===
rollout.argoproj.io "exp-bluegreen" deleted from demo namespace
service "exp-bg-active" deleted from demo namespace
service "exp-bg-preview" deleted from demo namespace
rollout.argoproj.io/exp-bluegreen created
service/exp-bg-active created
service/exp-bg-preview created
Progressing - updated replicas are still becoming available
Healthy
rollout.argoproj.io/exp-bluegreen configured
service/exp-bg-active unchanged
service/exp-bg-preview unchanged
Starting trial: bluegreen_level1_crash_loop_vus10_run12
Progressing - active service cutover pending
Healthy
Trial finished: healthy in 0s
pod "k6-bluegreen-level1-crash-loop-vus10-run12" deleted from demo namespace
=== bluegreen_level1_crash_loop_vus10_run13 ===
rollout.argoproj.io "exp-bluegreen" deleted from demo namespace
service "exp-bg-active" deleted from demo namespace
service "exp-bg-preview" deleted from demo namespace
rollout.argoproj.io/exp-bluegreen created
service/exp-bg-active created
service/exp-bg-preview created
Progressing - updated replicas are still becoming available
Healthy
rollout.argoproj.io/exp-bluegreen configured
service/exp-bg-active unchanged
service/exp-bg-preview unchanged
Starting trial: bluegreen_level1_crash_loop_vus10_run13
Progressing - active service cutover pending
Healthy
Trial finished: healthy in 6s
pod "k6-bluegreen-level1-crash-loop-vus10-run13" deleted from demo namespace
=== bluegreen_level1_crash_loop_vus10_run14 ===
rollout.argoproj.io "exp-bluegreen" deleted from demo namespace
service "exp-bg-active" deleted from demo namespace
service "exp-bg-preview" deleted from demo namespace
rollout.argoproj.io/exp-bluegreen created
service/exp-bg-active created
service/exp-bg-preview created
Progressing - updated replicas are still becoming available
Healthy
rollout.argoproj.io/exp-bluegreen configured
service/exp-bg-active unchanged
service/exp-bg-preview unchanged
Starting trial: bluegreen_level1_crash_loop_vus10_run14
Progressing - active service cutover pending
Healthy
Trial finished: healthy in 1s
pod "k6-bluegreen-level1-crash-loop-vus10-run14" deleted from demo namespace
=== bluegreen_level1_crash_loop_vus10_run15 ===
rollout.argoproj.io "exp-bluegreen" deleted from demo namespace
service "exp-bg-active" deleted from demo namespace
service "exp-bg-preview" deleted from demo namespace
rollout.argoproj.io/exp-bluegreen created
service/exp-bg-active created
service/exp-bg-preview created
Progressing - updated replicas are still becoming available
Healthy
rollout.argoproj.io/exp-bluegreen configured
service/exp-bg-active unchanged
service/exp-bg-preview unchanged
Starting trial: bluegreen_level1_crash_loop_vus10_run15
Progressing - active service cutover pending
Healthy
Trial finished: healthy in 1s
pod "k6-bluegreen-level1-crash-loop-vus10-run15" deleted from demo namespace
=== bluegreen_level1_crash_loop_vus10_run16 ===
rollout.argoproj.io "exp-bluegreen" deleted from demo namespace
service "exp-bg-active" deleted from demo namespace
service "exp-bg-preview" deleted from demo namespace
rollout.argoproj.io/exp-bluegreen created
service/exp-bg-active created
service/exp-bg-preview created
Progressing - updated replicas are still becoming available
Healthy
rollout.argoproj.io/exp-bluegreen configured
service/exp-bg-active unchanged
service/exp-bg-preview unchanged
Starting trial: bluegreen_level1_crash_loop_vus10_run16
Progressing - active service cutover pending
Healthy
Trial finished: healthy in 124s
pod "k6-bluegreen-level1-crash-loop-vus10-run16" deleted from demo namespace
=== bluegreen_level1_crash_loop_vus10_run17 ===
rollout.argoproj.io "exp-bluegreen" deleted from demo namespace
service "exp-bg-active" deleted from demo namespace
service "exp-bg-preview" deleted from demo namespace
rollout.argoproj.io/exp-bluegreen created
service/exp-bg-active created
service/exp-bg-preview created
Progressing - updated replicas are still becoming available
Healthy
rollout.argoproj.io/exp-bluegreen configured
service/exp-bg-active unchanged
service/exp-bg-preview unchanged
Starting trial: bluegreen_level1_crash_loop_vus10_run17
Progressing - active service cutover pending
Healthy
Trial finished: healthy in 0s
pod "k6-bluegreen-level1-crash-loop-vus10-run17" deleted from demo namespace
=== bluegreen_level1_crash_loop_vus10_run18 ===
rollout.argoproj.io "exp-bluegreen" deleted from demo namespace
service "exp-bg-active" deleted from demo namespace
service "exp-bg-preview" deleted from demo namespace
rollout.argoproj.io/exp-bluegreen created
service/exp-bg-active created
service/exp-bg-preview created
Progressing - updated replicas are still becoming available
Healthy
rollout.argoproj.io/exp-bluegreen configured
service/exp-bg-active unchanged
service/exp-bg-preview unchanged
Starting trial: bluegreen_level1_crash_loop_vus10_run18
Progressing - active service cutover pending
Healthy
Trial finished: healthy in 5s
pod "k6-bluegreen-level1-crash-loop-vus10-run18" deleted from demo namespace
=== bluegreen_level1_crash_loop_vus10_run19 ===
rollout.argoproj.io "exp-bluegreen" deleted from demo namespace
service "exp-bg-active" deleted from demo namespace
service "exp-bg-preview" deleted from demo namespace
rollout.argoproj.io/exp-bluegreen created
service/exp-bg-active created
service/exp-bg-preview created
Progressing - updated replicas are still becoming available
Healthy
rollout.argoproj.io/exp-bluegreen configured
service/exp-bg-active unchanged
service/exp-bg-preview unchanged
Starting trial: bluegreen_level1_crash_loop_vus10_run19
Progressing - active service cutover pending
Healthy
Trial finished: healthy in 0s
pod "k6-bluegreen-level1-crash-loop-vus10-run19" deleted from demo namespace
=== bluegreen_level1_crash_loop_vus10_run20 ===
rollout.argoproj.io "exp-bluegreen" deleted from demo namespace
service "exp-bg-active" deleted from demo namespace
service "exp-bg-preview" deleted from demo namespace
rollout.argoproj.io/exp-bluegreen created
service/exp-bg-active created
service/exp-bg-preview created
Progressing - updated replicas are still becoming available
Healthy
rollout.argoproj.io/exp-bluegreen configured
service/exp-bg-active unchanged
service/exp-bg-preview unchanged
Starting trial: bluegreen_level1_crash_loop_vus10_run20
Progressing - active service cutover pending
Healthy
Trial finished: healthy in 0s
pod "k6-bluegreen-level1-crash-loop-vus10-run20" deleted from demo namespace
=== bluegreen_level1_downstream_db_slow_vus10_run1 ===
rollout.argoproj.io "exp-bluegreen" deleted from demo namespace
service "exp-bg-active" deleted from demo namespace
service "exp-bg-preview" deleted from demo namespace
rollout.argoproj.io/exp-bluegreen created
service/exp-bg-active created
service/exp-bg-preview created
Progressing - updated replicas are still becoming available
Healthy
rollout.argoproj.io/exp-bluegreen configured
service/exp-bg-active unchanged
service/exp-bg-preview unchanged
Starting trial: bluegreen_level1_downstream_db_slow_vus10_run1
Progressing - active service cutover pending
Healthy
Trial finished: healthy in 0s
pod "k6-bluegreen-level1-downstream-db-slow-vus10-run1" deleted from demo namespace
=== bluegreen_level1_downstream_db_slow_vus10_run2 ===
rollout.argoproj.io "exp-bluegreen" deleted from demo namespace
service "exp-bg-active" deleted from demo namespace
service "exp-bg-preview" deleted from demo namespace
rollout.argoproj.io/exp-bluegreen created
service/exp-bg-active created
service/exp-bg-preview created
Progressing - updated replicas are still becoming available
Healthy
rollout.argoproj.io/exp-bluegreen configured
service/exp-bg-active unchanged
service/exp-bg-preview unchanged
Starting trial: bluegreen_level1_downstream_db_slow_vus10_run2
Progressing - active service cutover pending
Healthy
Trial finished: healthy in 0s
pod "k6-bluegreen-level1-downstream-db-slow-vus10-run2" deleted from demo namespace
=== bluegreen_level1_downstream_db_slow_vus10_run3 ===
rollout.argoproj.io "exp-bluegreen" deleted from demo namespace
service "exp-bg-active" deleted from demo namespace
service "exp-bg-preview" deleted from demo namespace
rollout.argoproj.io/exp-bluegreen created
service/exp-bg-active created
service/exp-bg-preview created
Progressing - updated replicas are still becoming available
Healthy
rollout.argoproj.io/exp-bluegreen configured
service/exp-bg-active unchanged
service/exp-bg-preview unchanged
Starting trial: bluegreen_level1_downstream_db_slow_vus10_run3
Progressing - active service cutover pending
Healthy
Trial finished: healthy in 0s
pod "k6-bluegreen-level1-downstream-db-slow-vus10-run3" deleted from demo namespace
=== bluegreen_level1_downstream_db_slow_vus10_run4 ===
rollout.argoproj.io "exp-bluegreen" deleted from demo namespace
service "exp-bg-active" deleted from demo namespace
service "exp-bg-preview" deleted from demo namespace
rollout.argoproj.io/exp-bluegreen created
service/exp-bg-active created
service/exp-bg-preview created
Progressing - updated replicas are still becoming available
Healthy
rollout.argoproj.io/exp-bluegreen configured
service/exp-bg-active unchanged
service/exp-bg-preview unchanged
Starting trial: bluegreen_level1_downstream_db_slow_vus10_run4
Progressing - active service cutover pending
Healthy
Trial finished: healthy in 1s
pod "k6-bluegreen-level1-downstream-db-slow-vus10-run4" deleted from demo namespace
=== bluegreen_level1_downstream_db_slow_vus10_run5 ===
rollout.argoproj.io "exp-bluegreen" deleted from demo namespace
service "exp-bg-active" deleted from demo namespace
service "exp-bg-preview" deleted from demo namespace
rollout.argoproj.io/exp-bluegreen created
service/exp-bg-active created
service/exp-bg-preview created
Progressing - updated replicas are still becoming available
Healthy
rollout.argoproj.io/exp-bluegreen configured
service/exp-bg-active unchanged
service/exp-bg-preview unchanged
Starting trial: bluegreen_level1_downstream_db_slow_vus10_run5
Progressing - active service cutover pending
Healthy
Trial finished: healthy in 1s
pod "k6-bluegreen-level1-downstream-db-slow-vus10-run5" deleted from demo namespace
=== bluegreen_level1_downstream_db_slow_vus10_run6 ===
rollout.argoproj.io "exp-bluegreen" deleted from demo namespace
service "exp-bg-active" deleted from demo namespace
service "exp-bg-preview" deleted from demo namespace
rollout.argoproj.io/exp-bluegreen created
service/exp-bg-active created
service/exp-bg-preview created
Progressing - updated replicas are still becoming available
Healthy
rollout.argoproj.io/exp-bluegreen configured
service/exp-bg-active unchanged
service/exp-bg-preview unchanged
Starting trial: bluegreen_level1_downstream_db_slow_vus10_run6
Progressing - active service cutover pending
Healthy
Trial finished: healthy in 6s
pod "k6-bluegreen-level1-downstream-db-slow-vus10-run6" deleted from demo namespace
=== bluegreen_level1_downstream_db_slow_vus10_run7 ===
rollout.argoproj.io "exp-bluegreen" deleted from demo namespace
service "exp-bg-active" deleted from demo namespace
service "exp-bg-preview" deleted from demo namespace
rollout.argoproj.io/exp-bluegreen created
service/exp-bg-active created
service/exp-bg-preview created
Progressing - updated replicas are still becoming available
Healthy
rollout.argoproj.io/exp-bluegreen configured
service/exp-bg-active unchanged
service/exp-bg-preview unchanged
Starting trial: bluegreen_level1_downstream_db_slow_vus10_run7
Progressing - active service cutover pending
Healthy
Trial finished: healthy in 6s
pod "k6-bluegreen-level1-downstream-db-slow-vus10-run7" deleted from demo namespace
=== bluegreen_level1_downstream_db_slow_vus10_run8 ===
rollout.argoproj.io "exp-bluegreen" deleted from demo namespace
service "exp-bg-active" deleted from demo namespace
service "exp-bg-preview" deleted from demo namespace
rollout.argoproj.io/exp-bluegreen created
service/exp-bg-active created
service/exp-bg-preview created
Progressing - updated replicas are still becoming available
Healthy
rollout.argoproj.io/exp-bluegreen configured
service/exp-bg-active unchanged
service/exp-bg-preview unchanged
Starting trial: bluegreen_level1_downstream_db_slow_vus10_run8
Progressing - active service cutover pending
Healthy
Trial finished: healthy in 1s
pod "k6-bluegreen-level1-downstream-db-slow-vus10-run8" deleted from demo namespace
=== bluegreen_level1_downstream_db_slow_vus10_run9 ===
rollout.argoproj.io "exp-bluegreen" deleted from demo namespace
service "exp-bg-active" deleted from demo namespace
service "exp-bg-preview" deleted from demo namespace
rollout.argoproj.io/exp-bluegreen created
service/exp-bg-active created
service/exp-bg-preview created
Progressing - updated replicas are still becoming available
Healthy
rollout.argoproj.io/exp-bluegreen configured
service/exp-bg-active unchanged
service/exp-bg-preview unchanged
Starting trial: bluegreen_level1_downstream_db_slow_vus10_run9
Progressing - active service cutover pending
Healthy
Trial finished: healthy in 1s
pod "k6-bluegreen-level1-downstream-db-slow-vus10-run9" deleted from demo namespace
=== bluegreen_level1_downstream_db_slow_vus10_run10 ===
rollout.argoproj.io "exp-bluegreen" deleted from demo namespace
service "exp-bg-active" deleted from demo namespace
service "exp-bg-preview" deleted from demo namespace
rollout.argoproj.io/exp-bluegreen created
service/exp-bg-active created
service/exp-bg-preview created
Progressing - updated replicas are still becoming available
Healthy
rollout.argoproj.io/exp-bluegreen configured
service/exp-bg-active unchanged
service/exp-bg-preview unchanged
Starting trial: bluegreen_level1_downstream_db_slow_vus10_run10
Progressing - active service cutover pending
Healthy
Trial finished: healthy in 1s
pod "k6-bluegreen-level1-downstream-db-slow-vus10-run10" deleted from demo namespace
=== bluegreen_level1_downstream_db_slow_vus10_run11 ===
rollout.argoproj.io "exp-bluegreen" deleted from demo namespace
service "exp-bg-active" deleted from demo namespace
service "exp-bg-preview" deleted from demo namespace
rollout.argoproj.io/exp-bluegreen created
service/exp-bg-active created
service/exp-bg-preview created
Progressing - updated replicas are still becoming available
Healthy
rollout.argoproj.io/exp-bluegreen configured
service/exp-bg-active unchanged
service/exp-bg-preview unchanged
Starting trial: bluegreen_level1_downstream_db_slow_vus10_run11
Progressing - active service cutover pending
Healthy
Trial finished: healthy in 1s
pod "k6-bluegreen-level1-downstream-db-slow-vus10-run11" deleted from demo namespace
=== bluegreen_level1_downstream_db_slow_vus10_run12 ===
rollout.argoproj.io "exp-bluegreen" deleted from demo namespace
service "exp-bg-active" deleted from demo namespace
service "exp-bg-preview" deleted from demo namespace
rollout.argoproj.io/exp-bluegreen created
service/exp-bg-active created
service/exp-bg-preview created
Progressing - updated replicas are still becoming available
Healthy
rollout.argoproj.io/exp-bluegreen configured
service/exp-bg-active unchanged
service/exp-bg-preview unchanged
Starting trial: bluegreen_level1_downstream_db_slow_vus10_run12
Progressing - active service cutover pending
Healthy
Trial finished: healthy in 1s
pod "k6-bluegreen-level1-downstream-db-slow-vus10-run12" deleted from demo namespace
=== bluegreen_level1_downstream_db_slow_vus10_run13 ===
rollout.argoproj.io "exp-bluegreen" deleted from demo namespace
service "exp-bg-active" deleted from demo namespace
service "exp-bg-preview" deleted from demo namespace
rollout.argoproj.io/exp-bluegreen created
service/exp-bg-active created
service/exp-bg-preview created
Progressing - updated replicas are still becoming available
Healthy
rollout.argoproj.io/exp-bluegreen configured
service/exp-bg-active unchanged
service/exp-bg-preview unchanged
Starting trial: bluegreen_level1_downstream_db_slow_vus10_run13
Progressing - active service cutover pending
Healthy
Trial finished: healthy in 1s
pod "k6-bluegreen-level1-downstream-db-slow-vus10-run13" deleted from demo namespace
=== bluegreen_level1_downstream_db_slow_vus10_run14 ===
rollout.argoproj.io "exp-bluegreen" deleted from demo namespace
service "exp-bg-active" deleted from demo namespace
service "exp-bg-preview" deleted from demo namespace
rollout.argoproj.io/exp-bluegreen created
service/exp-bg-active created
service/exp-bg-preview created
Progressing - updated replicas are still becoming available
Healthy
rollout.argoproj.io/exp-bluegreen configured
service/exp-bg-active unchanged
service/exp-bg-preview unchanged
Starting trial: bluegreen_level1_downstream_db_slow_vus10_run14
Progressing - active service cutover pending
Healthy
Trial finished: healthy in 0s
pod "k6-bluegreen-level1-downstream-db-slow-vus10-run14" deleted from demo namespace
=== bluegreen_level1_downstream_db_slow_vus10_run15 ===
rollout.argoproj.io "exp-bluegreen" deleted from demo namespace
service "exp-bg-active" deleted from demo namespace
service "exp-bg-preview" deleted from demo namespace
rollout.argoproj.io/exp-bluegreen created
service/exp-bg-active created
service/exp-bg-preview created
Progressing - updated replicas are still becoming available
Healthy
rollout.argoproj.io/exp-bluegreen configured
service/exp-bg-active unchanged
service/exp-bg-preview unchanged
Starting trial: bluegreen_level1_downstream_db_slow_vus10_run15
Progressing - active service cutover pending
Healthy
Trial finished: healthy in 5s
pod "k6-bluegreen-level1-downstream-db-slow-vus10-run15" deleted from demo namespace
=== bluegreen_level1_downstream_db_slow_vus10_run16 ===
rollout.argoproj.io "exp-bluegreen" deleted from demo namespace
service "exp-bg-active" deleted from demo namespace
service "exp-bg-preview" deleted from demo namespace
rollout.argoproj.io/exp-bluegreen created
service/exp-bg-active created
service/exp-bg-preview created
Progressing - updated replicas are still becoming available
Healthy
rollout.argoproj.io/exp-bluegreen configured
service/exp-bg-active unchanged
service/exp-bg-preview unchanged
Starting trial: bluegreen_level1_downstream_db_slow_vus10_run16
Progressing - active service cutover pending
Healthy
Trial finished: healthy in 0s
pod "k6-bluegreen-level1-downstream-db-slow-vus10-run16" deleted from demo namespace
=== bluegreen_level1_downstream_db_slow_vus10_run17 ===
rollout.argoproj.io "exp-bluegreen" deleted from demo namespace
service "exp-bg-active" deleted from demo namespace
service "exp-bg-preview" deleted from demo namespace
rollout.argoproj.io/exp-bluegreen created
service/exp-bg-active created
service/exp-bg-preview created
Progressing - updated replicas are still becoming available
Healthy
rollout.argoproj.io/exp-bluegreen configured
service/exp-bg-active unchanged
service/exp-bg-preview unchanged
Starting trial: bluegreen_level1_downstream_db_slow_vus10_run17
Progressing - active service cutover pending
Healthy
Trial finished: healthy in 0s
pod "k6-bluegreen-level1-downstream-db-slow-vus10-run17" deleted from demo namespace
=== bluegreen_level1_downstream_db_slow_vus10_run18 ===
rollout.argoproj.io "exp-bluegreen" deleted from demo namespace
service "exp-bg-active" deleted from demo namespace
service "exp-bg-preview" deleted from demo namespace
rollout.argoproj.io/exp-bluegreen created
service/exp-bg-active created
service/exp-bg-preview created
Progressing - updated replicas are still becoming available
Healthy
rollout.argoproj.io/exp-bluegreen configured
service/exp-bg-active unchanged
service/exp-bg-preview unchanged
Starting trial: bluegreen_level1_downstream_db_slow_vus10_run18
Progressing - active service cutover pending
Healthy
Trial finished: healthy in 5s
pod "k6-bluegreen-level1-downstream-db-slow-vus10-run18" deleted from demo namespace
=== bluegreen_level1_downstream_db_slow_vus10_run19 ===
rollout.argoproj.io "exp-bluegreen" deleted from demo namespace
service "exp-bg-active" deleted from demo namespace
service "exp-bg-preview" deleted from demo namespace
rollout.argoproj.io/exp-bluegreen created
service/exp-bg-active created
service/exp-bg-preview created
Progressing - updated replicas are still becoming available
Healthy
rollout.argoproj.io/exp-bluegreen configured
service/exp-bg-active unchanged
service/exp-bg-preview unchanged
Starting trial: bluegreen_level1_downstream_db_slow_vus10_run19
Progressing - active service cutover pending
Healthy
Trial finished: healthy in 5s
pod "k6-bluegreen-level1-downstream-db-slow-vus10-run19" deleted from demo namespace
=== bluegreen_level1_downstream_db_slow_vus10_run20 ===
rollout.argoproj.io "exp-bluegreen" deleted from demo namespace
service "exp-bg-active" deleted from demo namespace
service "exp-bg-preview" deleted from demo namespace
rollout.argoproj.io/exp-bluegreen created
service/exp-bg-active created
service/exp-bg-preview created
Progressing - updated replicas are still becoming available
Healthy
rollout.argoproj.io/exp-bluegreen configured
service/exp-bg-active unchanged
service/exp-bg-preview unchanged
Starting trial: bluegreen_level1_downstream_db_slow_vus10_run20
Progressing - active service cutover pending
Healthy
Trial finished: healthy in 1s
pod "k6-bluegreen-level1-downstream-db-slow-vus10-run20" deleted from demo namespace
Batch complete: bluegreen_level1
